Archive member included to satisfy reference by file (symbol)

d:/quartus18.1/nios2eds/bin/gnu/h-x86_64-mingw32/bin/../lib/gcc/nios2-elf/5.3.0/../../../../../H-x86_64-mingw32/nios2-elf/lib\libm.a(lib_a-s_ceil.o)
                              obj/default/hello_world.o (ceil)
d:/quartus18.1/nios2eds/bin/gnu/h-x86_64-mingw32/bin/../lib/gcc/nios2-elf/5.3.0/../../../../../H-x86_64-mingw32/nios2-elf/lib\libm.a(lib_a-s_round.o)
                              obj/default/hello_world.o (round)
d:/quartus18.1/nios2eds/bin/gnu/h-x86_64-mingw32/bin/../lib/gcc/nios2-elf/5.3.0/../../../../../H-x86_64-mingw32/nios2-elf/lib\libm.a(lib_a-sf_round.o)
                              obj/default/hello_world.o (roundf)
d:/quartus18.1/nios2eds/bin/gnu/h-x86_64-mingw32/bin/../lib/gcc/nios2-elf/5.3.0/../../../../../H-x86_64-mingw32/nios2-elf/lib\libm.a(lib_a-w_fmod.o)
                              obj/default/hello_world.o (fmod)
d:/quartus18.1/nios2eds/bin/gnu/h-x86_64-mingw32/bin/../lib/gcc/nios2-elf/5.3.0/../../../../../H-x86_64-mingw32/nios2-elf/lib\libm.a(lib_a-w_log.o)
                              obj/default/hello_world.o (log)
d:/quartus18.1/nios2eds/bin/gnu/h-x86_64-mingw32/bin/../lib/gcc/nios2-elf/5.3.0/../../../../../H-x86_64-mingw32/nios2-elf/lib\libm.a(lib_a-e_fmod.o)
                              d:/quartus18.1/nios2eds/bin/gnu/h-x86_64-mingw32/bin/../lib/gcc/nios2-elf/5.3.0/../../../../../H-x86_64-mingw32/nios2-elf/lib\libm.a(lib_a-w_fmod.o) (__ieee754_fmod)
d:/quartus18.1/nios2eds/bin/gnu/h-x86_64-mingw32/bin/../lib/gcc/nios2-elf/5.3.0/../../../../../H-x86_64-mingw32/nios2-elf/lib\libm.a(lib_a-e_log.o)
                              d:/quartus18.1/nios2eds/bin/gnu/h-x86_64-mingw32/bin/../lib/gcc/nios2-elf/5.3.0/../../../../../H-x86_64-mingw32/nios2-elf/lib\libm.a(lib_a-w_log.o) (__ieee754_log)
d:/quartus18.1/nios2eds/bin/gnu/h-x86_64-mingw32/bin/../lib/gcc/nios2-elf/5.3.0/../../../../../H-x86_64-mingw32/nios2-elf/lib\libm.a(lib_a-s_fpclassify.o)
                              d:/quartus18.1/nios2eds/bin/gnu/h-x86_64-mingw32/bin/../lib/gcc/nios2-elf/5.3.0/../../../../../H-x86_64-mingw32/nios2-elf/lib\libm.a(lib_a-w_fmod.o) (__fpclassifyd)
d:/quartus18.1/nios2eds/bin/gnu/h-x86_64-mingw32/bin/../lib/gcc/nios2-elf/5.3.0/../../../../../H-x86_64-mingw32/nios2-elf/lib\libm.a(lib_a-s_lib_ver.o)
                              d:/quartus18.1/nios2eds/bin/gnu/h-x86_64-mingw32/bin/../lib/gcc/nios2-elf/5.3.0/../../../../../H-x86_64-mingw32/nios2-elf/lib\libm.a(lib_a-w_fmod.o) (__fdlib_version)
d:/quartus18.1/nios2eds/bin/gnu/h-x86_64-mingw32/bin/../lib/gcc/nios2-elf/5.3.0/../../../../../H-x86_64-mingw32/nios2-elf/lib\libm.a(lib_a-s_matherr.o)
                              d:/quartus18.1/nios2eds/bin/gnu/h-x86_64-mingw32/bin/../lib/gcc/nios2-elf/5.3.0/../../../../../H-x86_64-mingw32/nios2-elf/lib\libm.a(lib_a-w_fmod.o) (matherr)
d:/quartus18.1/nios2eds/bin/gnu/h-x86_64-mingw32/bin/../lib/gcc/nios2-elf/5.3.0/../../../../../H-x86_64-mingw32/nios2-elf/lib\libm.a(lib_a-s_nan.o)
                              d:/quartus18.1/nios2eds/bin/gnu/h-x86_64-mingw32/bin/../lib/gcc/nios2-elf/5.3.0/../../../../../H-x86_64-mingw32/nios2-elf/lib\libm.a(lib_a-w_log.o) (nan)
d:/quartus18.1/nios2eds/bin/gnu/h-x86_64-mingw32/bin/../lib/gcc/nios2-elf/5.3.0\libgcc.a(_fixunssfsi.o)
                              obj/default/hello_world.o (__fixunssfsi)
d:/quartus18.1/nios2eds/bin/gnu/h-x86_64-mingw32/bin/../lib/gcc/nios2-elf/5.3.0\libgcc.a(lib2-divmod.o)
                              obj/default/hello_world.o (__modsi3)
d:/quartus18.1/nios2eds/bin/gnu/h-x86_64-mingw32/bin/../lib/gcc/nios2-elf/5.3.0\libgcc.a(addsf3.o)
                              obj/default/hello_world.o (__addsf3)
d:/quartus18.1/nios2eds/bin/gnu/h-x86_64-mingw32/bin/../lib/gcc/nios2-elf/5.3.0\libgcc.a(divsf3.o)
                              obj/default/hello_world.o (__divsf3)
d:/quartus18.1/nios2eds/bin/gnu/h-x86_64-mingw32/bin/../lib/gcc/nios2-elf/5.3.0\libgcc.a(gesf2.o)
                              d:/quartus18.1/nios2eds/bin/gnu/h-x86_64-mingw32/bin/../lib/gcc/nios2-elf/5.3.0\libgcc.a(_fixunssfsi.o) (__gesf2)
d:/quartus18.1/nios2eds/bin/gnu/h-x86_64-mingw32/bin/../lib/gcc/nios2-elf/5.3.0\libgcc.a(lesf2.o)
                              obj/default/hello_world.o (__lesf2)
d:/quartus18.1/nios2eds/bin/gnu/h-x86_64-mingw32/bin/../lib/gcc/nios2-elf/5.3.0\libgcc.a(mulsf3.o)
                              obj/default/hello_world.o (__mulsf3)
d:/quartus18.1/nios2eds/bin/gnu/h-x86_64-mingw32/bin/../lib/gcc/nios2-elf/5.3.0\libgcc.a(subsf3.o)
                              obj/default/hello_world.o (__subsf3)
d:/quartus18.1/nios2eds/bin/gnu/h-x86_64-mingw32/bin/../lib/gcc/nios2-elf/5.3.0\libgcc.a(fixsfsi.o)
                              d:/quartus18.1/nios2eds/bin/gnu/h-x86_64-mingw32/bin/../lib/gcc/nios2-elf/5.3.0\libgcc.a(_fixunssfsi.o) (__fixsfsi)
d:/quartus18.1/nios2eds/bin/gnu/h-x86_64-mingw32/bin/../lib/gcc/nios2-elf/5.3.0\libgcc.a(floatsisf.o)
[...]
Memory Configuration

Name             Origin             Length             Attributes
reset            0x0000000000040000 0x0000000000000020
onchip_memory2   0x0000000000040020 0x00000000000270e0
*default*        0x0000000000000000 0xffffffffffffffff

Linker script and memory map

LOAD ../test_valid_bsp//obj/HAL/src/crt0.o
LOAD obj/default/hello_world.o
LOAD d:/quartus18.1/nios2eds/bin/gnu/h-x86_64-mingw32/bin/../lib/gcc/nios2-elf/5.3.0/../../../../../H-x86_64-mingw32/nios2-elf/lib\libstdc++.a
LOAD d:/quartus18.1/nios2eds/bin/gnu/h-x86_64-mingw32/bin/../lib/gcc/nios2-elf/5.3.0/../../../../../H-x86_64-mingw32/nios2-elf/lib\libm.a
LOAD d:/quartus18.1/nios2eds/bin/gnu/h-x86_64-mingw32/bin/../lib/gcc/nios2-elf/5.3.0\libgcc.a
START GROUP
LOAD d:/quartus18.1/nios2eds/bin/gnu/h-x86_64-mingw32/bin/../lib/gcc/nios2-elf/5.3.0/../../../../../H-x86_64-mingw32/nios2-elf/lib\libsmallc.a
LOAD d:/quartus18.1/nios2eds/bin/gnu/h-x86_64-mingw32/bin/../lib/gcc/nios2-elf/5.3.0\libgcc.a
LOAD ../test_valid_bsp/\libhal_bsp.a
LOAD d:/quartus18.1/nios2eds/bin/gnu/h-x86_64-mingw32/bin/../lib/gcc/nios2-elf/5.3.0/../../../../../H-x86_64-mingw32/nios2-elf/lib\libm.a
END GROUP
LOAD d:/quartus18.1/nios2eds/bin/gnu/h-x86_64-mingw32/bin/../lib/gcc/nios2-elf/5.3.0\libgcc.a
                0x0000000000040000                __alt_mem_onchip_memory2 = 0x40000

.entry          0x0000000000040000       0x20
 *(.entry)
 .entry         0x0000000000040000       0x20 ../test_valid_bsp//obj/HAL/src/crt0.o
                0x0000000000040000                __reset

.exceptions     0x0000000000040020      0x224
                0x0000000000040020                PROVIDE (__ram_exceptions_start, ABSOLUTE (.))
                0x0000000000040020                . = ALIGN (0x20)
 *(.irq)
 *(.exceptions.entry.label)
 .exceptions.entry.label
                0x0000000000040020        0x0 ../test_valid_bsp/\libhal_bsp.a(alt_irq_entry.o)
                0x0000000000040020                alt_irq_entry
 .exceptions.entry.label
                0x0000000000040020        0x0 ../test_valid_bsp/\libhal_bsp.a(alt_exception_entry.o)
                0x0000000000040020                alt_exception
 *(.exceptions.entry.user)
 *(.exceptions.entry.ecc_fatal)
 *(.exceptions.entry)
 .exceptions.entry
                0x0000000000040020       0x54 ../test_valid_bsp/\libhal_bsp.a(alt_exception_entry.o)
 *(.exceptions.irqtest.user)
 *(.exceptions.irqtest)
 .exceptions.irqtest
                0x0000000000040074       0x10 ../test_valid_bsp/\libhal_bsp.a(alt_irq_entry.o)
 *(.exceptions.irqhandler.user)
 *(.exceptions.irqhandler)
 .exceptions.irqhandler
                0x0000000000040084        0x4 ../test_valid_bsp/\libhal_bsp.a(alt_irq_entry.o)
 *(.exceptions.irqreturn.user)
 *(.exceptions.irqreturn)
 .exceptions.irqreturn
                0x0000000000040088        0x4 ../test_valid_bsp/\libhal_bsp.a(alt_irq_entry.o)
 *(.exceptions.notirq.label)
 .exceptions.notirq.label
                0x000000000004008c        0x0 ../test_valid_bsp/\libhal_bsp.a(alt_irq_entry.o)
 *(.exceptions.notirq.user)
 *(.exceptions.notirq)
 .exceptions.notirq
                0x000000000004008c        0x8 ../test_valid_bsp/\libhal_bsp.a(alt_exception_entry.o)
 *(.exceptions.soft.user)
 *(.exceptions.soft)
 *(.exceptions.unknown.user)
 *(.exceptions.unknown)
 .exceptions.unknown
                0x0000000000040094       0x14 ../test_valid_bsp/\libhal_bsp.a(alt_exception_entry.o)
 *(.exceptions.exit.label)
 .exceptions.exit.label
                0x00000000000400a8        0x0 ../test_valid_bsp/\libhal_bsp.a(alt_irq_entry.o)
 .exceptions.exit.label
                0x00000000000400a8        0x0 ../test_valid_bsp/\libhal_bsp.a(alt_exception_entry.o)
 *(.exceptions.exit.user)
 *(.exceptions.exit)
 .exceptions.exit
                0x00000000000400a8       0x54 ../test_valid_bsp/\libhal_bsp.a(alt_exception_entry.o)
 *(.exceptions)
 .exceptions    0x00000000000400fc       0xd4 ../test_valid_bsp/\libhal_bsp.a(alt_irq_handler.o)
                0x00000000000400fc                alt_irq_handler
 .exceptions    0x00000000000401d0       0x74 ../test_valid_bsp/\libhal_bsp.a(alt_instruction_exception_entry.o)
                0x00000000000401d0                alt_instruction_exception_entry
                0x0000000000040244                PROVIDE (__ram_exceptions_end, ABSOLUTE (.))
                0x0000000000040020                PROVIDE (__flash_exceptions_start, LOADADDR (.exceptions))

.text           0x0000000000040244     0xb55c
                [!provide]                        PROVIDE (stext, ABSOLUTE (.))
 *(.interp)
 *(.hash)
 *(.dynsym)
 *(.dynstr)
 *(.gnu.version)
 *(.gnu.version_d)
 *(.gnu.version_r)
 *(.rel.init)
 *(.rela.init)
 *(.rel.text .rel.text.* .rel.gnu.linkonce.t.*)
 *(.rela.text .rela.text.* .rela.gnu.linkonce.t.*)
 *(.rel.fini)
 *(.rela.fini)
 *(.rel.rodata .rel.rodata.* .rel.gnu.linkonce.r.*)
 *(.rela.rodata .rela.rodata.* .rela.gnu.linkonce.r.*)
 *(.rel.data .rel.data.* .rel.gnu.linkonce.d.*)
 *(.rela.data .rela.data.* .rela.gnu.linkonce.d.*)
 *(.rel.tdata .rel.tdata.* .rel.gnu.linkonce.td.*)
 *(.rela.tdata .rela.tdata.* .rela.gnu.linkonce.td.*)
 *(.rel.tbss .rel.tbss.* .rel.gnu.linkonce.tb.*)
 *(.rela.tbss .rela.tbss.* .rela.gnu.linkonce.tb.*)
 *(.rel.ctors)
 *(.rela.ctors)
 *(.rel.dtors)
 *(.rela.dtors)
 *(.rel.got)
 *(.rela.got)
 *(.rel.sdata .rel.sdata.* .rel.gnu.linkonce.s.*)
 *(.rela.sdata .rela.sdata.* .rela.gnu.linkonce.s.*)
 *(.rel.sbss .rel.sbss.* .rel.gnu.linkonce.sb.*)
 *(.rela.sbss .rela.sbss.* .rela.gnu.linkonce.sb.*)
 *(.rel.sdata2 .rel.sdata2.* .rel.gnu.linkonce.s2.*)
 *(.rela.sdata2 .rela.sdata2.* .rela.gnu.linkonce.s2.*)
 *(.rel.sbss2 .rel.sbss2.* .rel.gnu.linkonce.sb2.*)
 *(.rela.sbss2 .rela.sbss2.* .rela.gnu.linkonce.sb2.*)
 *(.rel.bss .rel.bss.* .rel.gnu.linkonce.b.*)
 *(.rela.bss .rela.bss.* .rela.gnu.linkonce.b.*)
 *(.rel.plt)
 *(.rela.plt)
 *(.rel.dyn)
 *(.init)
 *(.plt)
 *(.text .stub .text.* .gnu.linkonce.t.*)
 .text          0x0000000000040244       0x4c ../test_valid_bsp//obj/HAL/src/crt0.o
                0x0000000000040244                _start
 .text          0x0000000000040290     0x19e4 obj/default/hello_world.o
                0x0000000000040290                initMovingAverage
                0x0000000000040304                updateMovingAverage
                0x0000000000040434                initReconstructor
                0x0000000000040514                nth_order_difference
                0x0000000000040640                anti_diff_nth
                0x0000000000040870                anti_diff_3rd
                0x0000000000040cdc                anti_diff_2nd
                0x0000000000041004                anti_diff_1st
                0x00000000000411e8                calc_order
                0x000000000004141c                modulo
                0x0000000000041510                center_to_2lam
                0x00000000000415ac                update
                0x0000000000041804                float_to_dac
                0x00000000000418c8                convert_adc_to_signal
                0x0000000000041964                top
                0x00000000000419f4                generate_test_data
                0x0000000000041a7c                initialize_pipeline
                0x0000000000041ac8                main
 .text          0x0000000000041c74        0x0 d:/quartus18.1/nios2eds/bin/gnu/h-x86_64-mingw32/bin/../lib/gcc/nios2-elf/5.3.0/../../../../../H-x86_64-mingw32/nios2-elf/lib\libm.a(lib_a-s_ceil.o)
 .text.ceil     0x0000000000041c74      0x1e0 d:/quartus18.1/nios2eds/bin/gnu/h-x86_64-mingw32/bin/../lib/gcc/nios2-elf/5.3.0/../../../../../H-x86_64-mingw32/nios2-elf/lib\libm.a(lib_a-s_ceil.o)
                0x0000000000041c74                ceil
 .text          0x0000000000041e54        0x0 d:/quartus18.1/nios2eds/bin/gnu/h-x86_64-mingw32/bin/../lib/gcc/nios2-elf/5.3.0/../../../../../H-x86_64-mingw32/nios2-elf/lib\libm.a(lib_a-s_round.o)
 .text.round    0x0000000000041e54      0x100 d:/quartus18.1/nios2eds/bin/gnu/h-x86_64-mingw32/bin/../lib/gcc/nios2-elf/5.3.0/../../../../../H-x86_64-mingw32/nios2-elf/lib\libm.a(lib_a-s_round.o)
                0x0000000000041e54                round
 .text          0x0000000000041f54        0x0 d:/quartus18.1/nios2eds/bin/gnu/h-x86_64-mingw32/bin/../lib/gcc/nios2-elf/5.3.0/../../../../../H-x86_64-mingw32/nios2-elf/lib\libm.a(lib_a-sf_round.o)
 .text.roundf   0x0000000000041f54       0x84 d:/quartus18.1/nios2eds/bin/gnu/h-x86_64-mingw32/bin/../lib/gcc/nios2-elf/5.3.0/../../../../../H-x86_64-mingw32/nios2-elf/lib\libm.a(lib_a-sf_round.o)
                0x0000000000041f54                roundf
 .text          0x0000000000041fd8        0x0 d:/quartus18.1/nios2eds/bin/gnu/h-x86_64-mingw32/bin/../lib/gcc/nios2-elf/5.3.0/../../../../../H-x86_64-mingw32/nios2-elf/lib\libm.a(lib_a-w_fmod.o)
 .text.fmod     0x0000000000041fd8      0x158 d:/quartus18.1/nios2eds/bin/gnu/h-x86_64-mingw32/bin/../lib/gcc/nios2-elf/5.3.0/../../../../../H-x86_64-mingw32/nios2-elf/lib\libm.a(lib_a-w_fmod.o)
                0x0000000000041fd8                fmod
 .text          0x0000000000042130        0x0 d:/quartus18.1/nios2eds/bin/gnu/h-x86_64-mingw32/bin/../lib/gcc/nios2-elf/5.3.0/../../../../../H-x86_64-mingw32/nios2-elf/lib\libm.a(lib_a-w_log.o)
 .text.log      0x0000000000042130      0x19c d:/quartus18.1/nios2eds/bin/gnu/h-x86_64-mingw32/bin/../lib/gcc/nios2-elf/5.3.0/../../../../../H-x86_64-mingw32/nios2-elf/lib\libm.a(lib_a-w_log.o)
                0x0000000000042130                log
 .text          0x00000000000422cc        0x0 d:/quartus18.1/nios2eds/bin/gnu/h-x86_64-mingw32/bin/../lib/gcc/nios2-elf/5.3.0/../../../../../H-x86_64-mingw32/nios2-elf/lib\libm.a(lib_a-e_fmod.o)
 .text.__ieee754_fmod
                0x00000000000422cc      0x340 d:/quartus18.1/nios2eds/bin/gnu/h-x86_64-mingw32/bin/../lib/gcc/nios2-elf/5.3.0/../../../../../H-x86_64-mingw32/nios2-elf/lib\libm.a(lib_a-e_fmod.o)
                0x00000000000422cc                __ieee754_fmod
 .text          0x000000000004260c        0x0 d:/quartus18.1/nios2eds/bin/gnu/h-x86_64-mingw32/bin/../lib/gcc/nios2-elf/5.3.0/../../../../../H-x86_64-mingw32/nios2-elf/lib\libm.a(lib_a-e_log.o)
 .text.__ieee754_log
                0x000000000004260c      0x71c d:/quartus18.1/nios2eds/bin/gnu/h-x86_64-mingw32/bin/../lib/gcc/nios2-elf/5.3.0/../../../../../H-x86_64-mingw32/nios2-elf/lib\libm.a(lib_a-e_log.o)
                0x000000000004260c                __ieee754_log
 .text          0x0000000000042d28        0x0 d:/quartus18.1/nios2eds/bin/gnu/h-x86_64-mingw32/bin/../lib/gcc/nios2-elf/5.3.0/../../../../../H-x86_64-mingw32/nios2-elf/lib\libm.a(lib_a-s_fpclassify.o)
 .text.__fpclassifyd
                0x0000000000042d28       0x74 d:/quartus18.1/nios2eds/bin/gnu/h-x86_64-mingw32/bin/../lib/gcc/nios2-elf/5.3.0/../../../../../H-x86_64-mingw32/nios2-elf/lib\libm.a(lib_a-s_fpclassify.o)
                0x0000000000042d28                __fpclassifyd
 .text          0x0000000000042d9c        0x0 d:/quartus18.1/nios2eds/bin/gnu/h-x86_64-mingw32/bin/../lib/gcc/nios2-elf/5.3.0/../../../../../H-x86_64-mingw32/nios2-elf/lib\libm.a(lib_a-s_lib_ver.o)
 .text          0x0000000000042d9c        0x0 d:/quartus18.1/nios2eds/bin/gnu/h-x86_64-mingw32/bin/../lib/gcc/nios2-elf/5.3.0/../../../../../H-x86_64-mingw32/nios2-elf/lib\libm.a(lib_a-s_matherr.o)
 .text.matherr  0x0000000000042d9c        0x8 d:/quartus18.1/nios2eds/bin/gnu/h-x86_64-mingw32/bin/../lib/gcc/nios2-elf/5.3.0/../../../../../H-x86_64-mingw32/nios2-elf/lib\libm.a(lib_a-s_matherr.o)
                0x0000000000042d9c                matherr
 .text          0x0000000000042da4        0x0 d:/quartus18.1/nios2eds/bin/gnu/h-x86_64-mingw32/bin/../lib/gcc/nios2-elf/5.3.0/../../../../../H-x86_64-mingw32/nios2-elf/lib\libm.a(lib_a-s_nan.o)
 .text.nan      0x0000000000042da4        0xc d:/quartus18.1/nios2eds/bin/gnu/h-x86_64-mingw32/bin/../lib/gcc/nios2-elf/5.3.0/../../../../../H-x86_64-mingw32/nios2-elf/lib\libm.a(lib_a-s_nan.o)
                0x0000000000042da4                nan
 .text          0x0000000000042db0       0x60 d:/quartus18.1/nios2eds/bin/gnu/h-x86_64-mingw32/bin/../lib/gcc/nios2-elf/5.3.0\libgcc.a(_fixunssfsi.o)
                0x0000000000042db0                __fixunssfsi
 .text          0x0000000000042e10      0x1b4 d:/quartus18.1/nios2eds/bin/gnu/h-x86_64-mingw32/bin/../lib/gcc/nios2-elf/5.3.0\libgcc.a(lib2-divmod.o)
                0x0000000000042e10                __divsi3
                0x0000000000042e94                __modsi3
                0x0000000000042f08                __udivsi3
                0x0000000000042f6c                __umodsi3
 .text          0x0000000000042fc4      0x4c8 d:/quartus18.1/nios2eds/bin/gnu/h-x86_64-mingw32/bin/../lib/gcc/nios2-elf/5.3.0\libgcc.a(addsf3.o)
                0x0000000000042fc4                __addsf3
 .text          0x000000000004348c      0x440 d:/quartus18.1/nios2eds/bin/gnu/h-x86_64-mingw32/bin/../lib/gcc/nios2-elf/5.3.0\libgcc.a(divsf3.o)
                0x000000000004348c                __divsf3
 .text          0x00000000000438cc       0xbc d:/quartus18.1/nios2eds/bin/gnu/h-x86_64-mingw32/bin/../lib/gcc/nios2-elf/5.3.0\libgcc.a(gesf2.o)
                0x00000000000438cc                __gesf2
                0x00000000000438cc                __gtsf2
 .text          0x0000000000043988       0xc8 d:/quartus18.1/nios2eds/bin/gnu/h-x86_64-mingw32/bin/../lib/gcc/nios2-elf/5.3.0\libgcc.a(lesf2.o)
                0x0000000000043988                __ltsf2
                0x0000000000043988                __lesf2
 .text          0x0000000000043a50      0x3fc d:/quartus18.1/nios2eds/bin/gnu/h-x86_64-mingw32/bin/../lib/gcc/nios2-elf/5.3.0\libgcc.a(mulsf3.o)
                0x0000000000043a50                __mulsf3
 .text          0x0000000000043e4c      0x4e4 d:/quartus18.1/nios2eds/bin/gnu/h-x86_64-mingw32/bin/../lib/gcc/nios2-elf/5.3.0\libgcc.a(subsf3.o)
                0x0000000000043e4c                __subsf3
 .text          0x0000000000044330       0x70 d:/quartus18.1/nios2eds/bin/gnu/h-x86_64-mingw32/bin/../lib/gcc/nios2-elf/5.3.0\libgcc.a(fixsfsi.o)
                0x0000000000044330                __fixsfsi
 .text          0x00000000000443a0      0x124 d:/quartus18.1/nios2eds/bin/gnu/h-x86_64-mingw32/bin/../lib/gcc/nios2-elf/5.3.0\libgcc.a(floatsisf.o)
                0x00000000000443a0                __floatsisf
 .text          0x00000000000444c4      0x8ac d:/quartus18.1/nios2eds/bin/gnu/h-x86_64-mingw32/bin/../lib/gcc/nios2-elf/5.3.0\libgcc.a(adddf3.o)
                0x00000000000444c4                __adddf3
 .text          0x0000000000044d70      0x8e8 d:/quartus18.1/nios2eds/bin/gnu/h-x86_64-mingw32/bin/../lib/gcc/nios2-elf/5.3.0\libgcc.a(divdf3.o)
                0x0000000000044d70                __divdf3
 .text          0x0000000000045658       0x88 d:/quartus18.1/nios2eds/bin/gnu/h-x86_64-mingw32/bin/../lib/gcc/nios2-elf/5.3.0\libgcc.a(eqdf2.o)
                0x0000000000045658                __nedf2
                0x0000000000045658                __eqdf2
 .text          0x00000000000456e0       0xdc d:/quartus18.1/nios2eds/bin/gnu/h-x86_64-mingw32/bin/../lib/gcc/nios2-elf/5.3.0\libgcc.a(gedf2.o)
                0x00000000000456e0                __gedf2
                0x00000000000456e0                __gtdf2
 .text          0x00000000000457bc      0x718 d:/quartus18.1/nios2eds/bin/gnu/h-x86_64-mingw32/bin/../lib/gcc/nios2-elf/5.3.0\libgcc.a(muldf3.o)
                0x00000000000457bc                __muldf3
 .text          0x0000000000045ed4      0x8fc d:/quartus18.1/nios2eds/bin/gnu/h-x86_64-mingw32/bin/../lib/gcc/nios2-elf/5.3.0\libgcc.a(subdf3.o)
                0x0000000000045ed4                __subdf3
 .text          0x00000000000467d0       0x80 d:/quartus18.1/nios2eds/bin/gnu/h-x86_64-mingw32/bin/../lib/gcc/nios2-elf/5.3.0\libgcc.a(fixdfsi.o)
                0x00000000000467d0                __fixdfsi
 .text          0x0000000000046850       0xdc d:/quartus18.1/nios2eds/bin/gnu/h-x86_64-mingw32/bin/../lib/gcc/nios2-elf/5.3.0\libgcc.a(floatsidf.o)
                0x0000000000046850                __floatsidf
 .text          0x000000000004692c      0x110 d:/quartus18.1/nios2eds/bin/gnu/h-x86_64-mingw32/bin/../lib/gcc/nios2-elf/5.3.0\libgcc.a(extendsfdf2.o)
                0x000000000004692c                __extendsfdf2
 .text          0x0000000000046a3c      0x1a8 d:/quartus18.1/nios2eds/bin/gnu/h-x86_64-mingw32/bin/../lib/gcc/nios2-elf/5.3.0\libgcc.a(truncdfsf2.o)
                0x0000000000046a3c                __truncdfsf2
 .text          0x0000000000046be4       0x64 d:/quartus18.1/nios2eds/bin/gnu/h-x86_64-mingw32/bin/../lib/gcc/nios2-elf/5.3.0\libgcc.a(_clzsi2.o)
                0x0000000000046be4                __clzsi2
 .text          0x0000000000046c48        0x0 d:/quartus18.1/nios2eds/bin/gnu/h-x86_64-mingw32/bin/../lib/gcc/nios2-elf/5.3.0\libgcc.a(_clz.o)
 .text          0x0000000000046c48        0x0 d:/quartus18.1/nios2eds/bin/gnu/h-x86_64-mingw32/bin/../lib/gcc/nios2-elf/5.3.0/../../../../../H-x86_64-mingw32/nios2-elf/lib\libsmallc.a(lib_a-errno.o)
 .text.__errno  0x0000000000046c48       0x10 d:/quartus18.1/nios2eds/bin/gnu/h-x86_64-mingw32/bin/../lib/gcc/nios2-elf/5.3.0/../../../../../H-x86_64-mingw32/nios2-elf/lib\libsmallc.a(lib_a-errno.o)
                0x0000000000046c48                __errno
 .text          0x0000000000046c58        0x0 d:/quartus18.1/nios2eds/bin/gnu/h-x86_64-mingw32/bin/../lib/gcc/nios2-elf/5.3.0/../../../../../H-x86_64-mingw32/nios2-elf/lib\libsmallc.a(lib_a-impure.o)
 .text          0x0000000000046c58        0x0 d:/quartus18.1/nios2eds/bin/gnu/h-x86_64-mingw32/bin/../lib/gcc/nios2-elf/5.3.0/../../../../../H-x86_64-mingw32/nios2-elf/lib\libsmallc.a(lib_a-printf.o)
 .text._printf_r
                0x0000000000046c58       0x3c d:/quartus18.1/nios2eds/bin/gnu/h-x86_64-mingw32/bin/../lib/gcc/nios2-elf/5.3.0/../../../../../H-x86_64-mingw32/nios2-elf/lib\libsmallc.a(lib_a-printf.o)
                0x0000000000046c58                _printf_r
 .text.printf   0x0000000000046c94       0x4c d:/quartus18.1/nios2eds/bin/gnu/h-x86_64-mingw32/bin/../lib/gcc/nios2-elf/5.3.0/../../../../../H-x86_64-mingw32/nios2-elf/lib\libsmallc.a(lib_a-printf.o)
                0x0000000000046c94                printf
 .text          0x0000000000046ce0        0x0 d:/quartus18.1/nios2eds/bin/gnu/h-x86_64-mingw32/bin/../lib/gcc/nios2-elf/5.3.0/../../../../../H-x86_64-mingw32/nios2-elf/lib\libsmallc.a(lib_a-putchar.o)
 .text._putchar_r
                0x0000000000046ce0        0x8 d:/quartus18.1/nios2eds/bin/gnu/h-x86_64-mingw32/bin/../lib/gcc/nios2-elf/5.3.0/../../../../../H-x86_64-mingw32/nios2-elf/lib\libsmallc.a(lib_a-putchar.o)
                0x0000000000046ce0                _putchar_r
 .text.putchar  0x0000000000046ce8       0x1c d:/quartus18.1/nios2eds/bin/gnu/h-x86_64-mingw32/bin/../lib/gcc/nios2-elf/5.3.0/../../../../../H-x86_64-mingw32/nios2-elf/lib\libsmallc.a(lib_a-putchar.o)
                0x0000000000046ce8                putchar
 .text          0x0000000000046d04        0x0 d:/quartus18.1/nios2eds/bin/gnu/h-x86_64-mingw32/bin/../lib/gcc/nios2-elf/5.3.0/../../../../../H-x86_64-mingw32/nios2-elf/lib\libsmallc.a(lib_a-puts.o)
 .text._puts_r  0x0000000000046d04       0x80 d:/quartus18.1/nios2eds/bin/gnu/h-x86_64-mingw32/bin/../lib/gcc/nios2-elf/5.3.0/../../../../../H-x86_64-mingw32/nios2-elf/lib\libsmallc.a(lib_a-puts.o)
                0x0000000000046d04                _puts_r
 .text.puts     0x0000000000046d84       0x14 d:/quartus18.1/nios2eds/bin/gnu/h-x86_64-mingw32/bin/../lib/gcc/nios2-elf/5.3.0/../../../../../H-x86_64-mingw32/nios2-elf/lib\libsmallc.a(lib_a-puts.o)
                0x0000000000046d84                puts
 .text          0x0000000000046d98        0x0 d:/quartus18.1/nios2eds/bin/gnu/h-x86_64-mingw32/bin/../lib/gcc/nios2-elf/5.3.0/../../../../../H-x86_64-mingw32/nios2-elf/lib\libsmallc.a(lib_a-strlen.o)
 .text.strlen   0x0000000000046d98       0x1c d:/quartus18.1/nios2eds/bin/gnu/h-x86_64-mingw32/bin/../lib/gcc/nios2-elf/5.3.0/../../../../../H-x86_64-mingw32/nios2-elf/lib\libsmallc.a(lib_a-strlen.o)
                0x0000000000046d98                strlen
 .text          0x0000000000046db4        0x0 d:/quartus18.1/nios2eds/bin/gnu/h-x86_64-mingw32/bin/../lib/gcc/nios2-elf/5.3.0/../../../../../H-x86_64-mingw32/nios2-elf/lib\libsmallc.a(lib_a-vfprintf.o)
 .text.print_repeat
                0x0000000000046db4       0x6c d:/quartus18.1/nios2eds/bin/gnu/h-x86_64-mingw32/bin/../lib/gcc/nios2-elf/5.3.0/../../../../../H-x86_64-mingw32/nios2-elf/lib\libsmallc.a(lib_a-vfprintf.o)
 .text.___vfprintf_internal_r
                0x0000000000046e20      0x524 d:/quartus18.1/nios2eds/bin/gnu/h-x86_64-mingw32/bin/../lib/gcc/nios2-elf/5.3.0/../../../../../H-x86_64-mingw32/nios2-elf/lib\libsmallc.a(lib_a-vfprintf.o)
                0x0000000000046e20                ___vfprintf_internal_r
 .text.__vfprintf_internal
                0x0000000000047344       0x1c d:/quartus18.1/nios2eds/bin/gnu/h-x86_64-mingw32/bin/../lib/gcc/nios2-elf/5.3.0/../../../../../H-x86_64-mingw32/nios2-elf/lib\libsmallc.a(lib_a-vfprintf.o)
                0x0000000000047344                __vfprintf_internal
 .text          0x0000000000047360        0x0 d:/quartus18.1/nios2eds/bin/gnu/h-x86_64-mingw32/bin/../lib/gcc/nios2-elf/5.3.0/../../../../../H-x86_64-mingw32/nios2-elf/lib\libsmallc.a(lib_a-fvwrite_small_dev.o)
 .text.__sfvwrite_small_dev
                0x0000000000047360       0xb8 d:/quartus18.1/nios2eds/bin/gnu/h-x86_64-mingw32/bin/../lib/gcc/nios2-elf/5.3.0/../../../../../H-x86_64-mingw32/nios2-elf/lib\libsmallc.a(lib_a-fvwrite_small_dev.o)
                0x0000000000047360                __sfvwrite_small_dev
 .text          0x0000000000047418        0x0 d:/quartus18.1/nios2eds/bin/gnu/h-x86_64-mingw32/bin/../lib/gcc/nios2-elf/5.3.0/../../../../../H-x86_64-mingw32/nios2-elf/lib\libsmallc.a(lib_a-putc.o)
 .text.putc     0x0000000000047418       0x54 d:/quartus18.1/nios2eds/bin/gnu/h-x86_64-mingw32/bin/../lib/gcc/nios2-elf/5.3.0/../../../../../H-x86_64-mingw32/nios2-elf/lib\libsmallc.a(lib_a-putc.o)
                0x0000000000047418                putc
 .text._putc_r  0x000000000004746c       0x58 d:/quartus18.1/nios2eds/bin/gnu/h-x86_64-mingw32/bin/../lib/gcc/nios2-elf/5.3.0/../../../../../H-x86_64-mingw32/nios2-elf/lib\libsmallc.a(lib_a-putc.o)
                0x000000000004746c                _putc_r
 .text          0x00000000000474c4        0x0 d:/quartus18.1/nios2eds/bin/gnu/h-x86_64-mingw32/bin/../lib/gcc/nios2-elf/5.3.0/../../../../../H-x86_64-mingw32/nios2-elf/lib\libsmallc.a(lib_a-writer.o)
 .text._write_r
                0x00000000000474c4       0x58 d:/quartus18.1/nios2eds/bin/gnu/h-x86_64-mingw32/bin/../lib/gcc/nios2-elf/5.3.0/../../../../../H-x86_64-mingw32/nios2-elf/lib\libsmallc.a(lib_a-writer.o)
                0x00000000000474c4                _write_r
 .text          0x000000000004751c        0x0 d:/quartus18.1/nios2eds/bin/gnu/h-x86_64-mingw32/bin/../lib/gcc/nios2-elf/5.3.0/../../../../../H-x86_64-mingw32/nios2-elf/lib\libsmallc.a(lib_a-int_errno.o)
 .text          0x000000000004751c       0xec ../test_valid_bsp/\libhal_bsp.a(alt_load.o)
                0x0000000000047584                alt_load
 .text          0x0000000000047608       0x7c ../test_valid_bsp/\libhal_bsp.a(alt_main.o)
                0x0000000000047608                alt_main
 .text          0x0000000000047684      0x134 ../test_valid_bsp/\libhal_bsp.a(alt_write.o)
                0x00000000000476c0                write
 .text          0x00000000000477b8       0xdc ../test_valid_bsp/\libhal_bsp.a(alt_sys_init.o)
                0x00000000000477ec                alt_irq_init
                0x0000000000047824                alt_sys_init
 .text          0x0000000000047894     0x1c00 ../test_valid_bsp/\libhal_bsp.a(altera_avalon_i2c.o)
                0x00000000000479a4                alt_avalon_i2c_register_optional_irq_handler
                0x0000000000047a90                alt_avalon_i2c_register_callback
                0x0000000000047ae4                alt_avalon_i2c_init
                0x0000000000047bd0                alt_avalon_i2c_open
                0x0000000000047c10                alt_avalon_i2c_enable
                0x0000000000047ca8                alt_avalon_i2c_disable
                0x0000000000047cf4                alt_avalon_i2c_master_config_get
                0x0000000000047da4                alt_avalon_i2c_master_config_set
                0x0000000000047e70                alt_avalon_i2c_master_config_speed_get
                0x0000000000047f04                alt_avalon_i2c_master_config_speed_set
                0x0000000000048000                alt_avalon_i2c_is_busy
                0x0000000000048044                alt_avalon_i2c_rx_read_available
                0x00000000000480ec                alt_avalon_i2c_rx_read
                0x0000000000048194                alt_avalon_i2c_cmd_write
                0x0000000000048278                alt_avalon_i2c_send_address
                0x0000000000048368                alt_avalon_i2c_master_target_get
                0x00000000000483a0                alt_avalon_i2c_master_target_set
                0x00000000000483d4                alt_avalon_i2c_check_nack
                0x0000000000048420                alt_avalon_i2c_check_arblost
                0x000000000004846c                alt_avalon_i2c_interrupt_transaction_status
                0x00000000000485a0                alt_avalon_i2c_master_tx
                0x0000000000048688                alt_avalon_i2c_master_rx
                0x00000000000487c4                alt_avalon_i2c_master_tx_rx
                0x000000000004898c                alt_avalon_i2c_master_transmit
                0x0000000000048b48                alt_avalon_i2c_master_transmit_using_interrupts
                0x0000000000048d50                alt_avalon_i2c_master_receive
                0x0000000000048f5c                alt_avalon_i2c_master_receive_using_interrupts
                0x0000000000049148                alt_avalon_i2c_int_status_get
                0x00000000000491a0                alt_avalon_i2c_int_raw_status_get
                0x00000000000491e4                alt_avalon_i2c_int_clear
                0x0000000000049220                alt_avalon_i2c_int_disable
                0x0000000000049288                alt_avalon_i2c_int_enable
                0x00000000000492ec                alt_avalon_i2c_enabled_ints_get
                0x0000000000049330                alt_avalon_i2c_rx_fifo_threshold_get
                0x000000000004937c                alt_avalon_i2c_rx_fifo_threshold_set
                0x00000000000493e0                alt_avalon_i2c_tfr_cmd_fifo_threshold_get
                0x000000000004942c                alt_avalon_i2c_tfr_cmd_fifo_threshold_set
 .text          0x0000000000049494      0x164 ../test_valid_bsp/\libhal_bsp.a(altera_avalon_jtag_uart_fd.o)
                0x0000000000049494                altera_avalon_jtag_uart_read_fd
                0x00000000000494f4                altera_avalon_jtag_uart_write_fd
                0x0000000000049554                altera_avalon_jtag_uart_close_fd
                0x00000000000495a4                altera_avalon_jtag_uart_ioctl_fd
 .text          0x00000000000495f8      0x3d4 ../test_valid_bsp/\libhal_bsp.a(altera_avalon_jtag_uart_init.o)
                0x00000000000495f8                altera_avalon_jtag_uart_init
                0x0000000000049964                altera_avalon_jtag_uart_close
 .text          0x00000000000499cc       0xf0 ../test_valid_bsp/\libhal_bsp.a(altera_avalon_jtag_uart_ioctl.o)
                0x00000000000499cc                altera_avalon_jtag_uart_ioctl
 .text          0x0000000000049abc      0x21c ../test_valid_bsp/\libhal_bsp.a(altera_avalon_jtag_uart_read.o)
                0x0000000000049abc                altera_avalon_jtag_uart_read
 .text          0x0000000000049cd8      0x224 ../test_valid_bsp/\libhal_bsp.a(altera_avalon_jtag_uart_write.o)
                0x0000000000049cd8                altera_avalon_jtag_uart_write
 .text          0x0000000000049efc       0xf4 ../test_valid_bsp/\libhal_bsp.a(altera_avalon_timer_sc.o)
                0x0000000000049f74                alt_avalon_timer_sc_init
 .text          0x0000000000049ff0      0x12c ../test_valid_bsp/\libhal_bsp.a(alt_alarm_start.o)
                0x0000000000049ff0                alt_alarm_start
 .text          0x000000000004a11c      0x158 ../test_valid_bsp/\libhal_bsp.a(alt_busy_sleep.o)
                0x000000000004a11c                alt_busy_sleep
 .text          0x000000000004a274      0x10c ../test_valid_bsp/\libhal_bsp.a(alt_close.o)
                0x000000000004a2b0                close
 .text          0x000000000004a380       0x48 ../test_valid_bsp/\libhal_bsp.a(alt_dcache_flush_all.o)
                0x000000000004a380                alt_dcache_flush_all
 .text          0x000000000004a3c8       0x2c ../test_valid_bsp/\libhal_bsp.a(alt_dev.o)
 .text          0x000000000004a3f4       0xe0 ../test_valid_bsp/\libhal_bsp.a(alt_dev_llist_insert.o)
                0x000000000004a430                alt_dev_llist_insert
 .text          0x000000000004a4d4       0x60 ../test_valid_bsp/\libhal_bsp.a(alt_do_ctors.o)
                0x000000000004a4d4                _do_ctors
 .text          0x000000000004a534       0x60 ../test_valid_bsp/\libhal_bsp.a(alt_do_dtors.o)
                0x000000000004a534                _do_dtors
 .text          0x000000000004a594        0x0 ../test_valid_bsp/\libhal_bsp.a(alt_errno.o)
 .text          0x000000000004a594       0x90 ../test_valid_bsp/\libhal_bsp.a(alt_find_dev.o)
                0x000000000004a594                alt_find_dev
 .text          0x000000000004a624       0x34 ../test_valid_bsp/\libhal_bsp.a(alt_icache_flush_all.o)
                0x000000000004a624                alt_icache_flush_all
 .text          0x000000000004a658      0x1b0 ../test_valid_bsp/\libhal_bsp.a(alt_iic.o)
                0x000000000004a658                alt_ic_isr_register
                0x000000000004a6a8                alt_ic_irq_enable
                0x000000000004a730                alt_ic_irq_disable
                0x000000000004a7bc                alt_ic_irq_enabled
 .text          0x000000000004a808       0xf0 ../test_valid_bsp/\libhal_bsp.a(alt_iic_isr_register.o)
                0x000000000004a808                alt_iic_isr_register
 .text          0x000000000004a8f8      0x140 ../test_valid_bsp/\libhal_bsp.a(alt_io_redirect.o)
                0x000000000004a9bc                alt_io_redirect
 .text          0x000000000004aa38        0x0 ../test_valid_bsp/\libhal_bsp.a(alt_irq_entry.o)
 .text          0x000000000004aa38        0x0 ../test_valid_bsp/\libhal_bsp.a(alt_irq_handler.o)
 .text          0x000000000004aa38        0x0 ../test_valid_bsp/\libhal_bsp.a(alt_irq_vars.o)
 .text          0x000000000004aa38      0x254 ../test_valid_bsp/\libhal_bsp.a(alt_open.o)
                0x000000000004ab38                open
 .text          0x000000000004ac8c      0x22c ../test_valid_bsp/\libhal_bsp.a(alt_printf.o)
                0x000000000004ac8c                alt_printf
 .text          0x000000000004aeb8       0x3c ../test_valid_bsp/\libhal_bsp.a(alt_putchar.o)
                0x000000000004aeb8                alt_putchar
 .text          0x000000000004aef4       0x64 ../test_valid_bsp/\libhal_bsp.a(alt_release_fd.o)
                0x000000000004aef4                alt_release_fd
 .text          0x000000000004af58      0x1a4 ../test_valid_bsp/\libhal_bsp.a(alt_tick.o)
                0x000000000004af58                alt_alarm_stop
                0x000000000004aff4                alt_tick
 .text          0x000000000004b0fc       0x24 ../test_valid_bsp/\libhal_bsp.a(altera_nios2_gen2_irq.o)
                0x000000000004b0fc                altera_nios2_gen2_irq_init
 .text          0x000000000004b120        0x0 ../test_valid_bsp/\libhal_bsp.a(alt_exception_entry.o)
 .text          0x000000000004b120      0x108 ../test_valid_bsp/\libhal_bsp.a(alt_find_file.o)
                0x000000000004b120                alt_find_file
 .text          0x000000000004b228       0xa4 ../test_valid_bsp/\libhal_bsp.a(alt_get_fd.o)
                0x000000000004b228                alt_get_fd
 .text          0x000000000004b2cc       0x90 ../test_valid_bsp/\libhal_bsp.a(alt_icache_flush.o)
                0x000000000004b2cc                alt_icache_flush
 .text          0x000000000004b35c       0x9c ../test_valid_bsp/\libhal_bsp.a(alt_instruction_exception_entry.o)
                0x000000000004b35c                alt_exception_cause_generated_bad_addr
 .text          0x000000000004b3f8        0x0 d:/quartus18.1/nios2eds/bin/gnu/h-x86_64-mingw32/bin/../lib/gcc/nios2-elf/5.3.0/../../../../../H-x86_64-mingw32/nios2-elf/lib\libsmallc.a(lib_a-atexit.o)
 .text.atexit   0x000000000004b3f8       0x14 d:/quartus18.1/nios2eds/bin/gnu/h-x86_64-mingw32/bin/../lib/gcc/nios2-elf/5.3.0/../../../../../H-x86_64-mingw32/nios2-elf/lib\libsmallc.a(lib_a-atexit.o)
                0x000000000004b3f8                atexit
 .text          0x000000000004b40c        0x0 d:/quartus18.1/nios2eds/bin/gnu/h-x86_64-mingw32/bin/../lib/gcc/nios2-elf/5.3.0/../../../../../H-x86_64-mingw32/nios2-elf/lib\libsmallc.a(lib_a-exit.o)
 .text.exit     0x000000000004b40c       0x20 d:/quartus18.1/nios2eds/bin/gnu/h-x86_64-mingw32/bin/../lib/gcc/nios2-elf/5.3.0/../../../../../H-x86_64-mingw32/nios2-elf/lib\libsmallc.a(lib_a-exit.o)
                0x000000000004b40c                exit
 .text          0x000000000004b42c        0x0 d:/quartus18.1/nios2eds/bin/gnu/h-x86_64-mingw32/bin/../lib/gcc/nios2-elf/5.3.0/../../../../../H-x86_64-mingw32/nios2-elf/lib\libsmallc.a(lib_a-memcmp.o)
 .text.memcmp   0x000000000004b42c       0x30 d:/quartus18.1/nios2eds/bin/gnu/h-x86_64-mingw32/bin/../lib/gcc/nios2-elf/5.3.0/../../../../../H-x86_64-mingw32/nios2-elf/lib\libsmallc.a(lib_a-memcmp.o)
                0x000000000004b42c                memcmp
 .text          0x000000000004b45c        0x0 d:/quartus18.1/nios2eds/bin/gnu/h-x86_64-mingw32/bin/../lib/gcc/nios2-elf/5.3.0/../../../../../H-x86_64-mingw32/nios2-elf/lib\libsmallc.a(lib_a-memcpy.o)
 .text.memcpy   0x000000000004b45c       0x28 d:/quartus18.1/nios2eds/bin/gnu/h-x86_64-mingw32/bin/../lib/gcc/nios2-elf/5.3.0/../../../../../H-x86_64-mingw32/nios2-elf/lib\libsmallc.a(lib_a-memcpy.o)
                0x000000000004b45c                memcpy
 .text          0x000000000004b484        0x0 d:/quartus18.1/nios2eds/bin/gnu/h-x86_64-mingw32/bin/../lib/gcc/nios2-elf/5.3.0/../../../../../H-x86_64-mingw32/nios2-elf/lib\libsmallc.a(lib_a-__atexit.o)
 .text.__register_exitproc
                0x000000000004b484      0x158 d:/quartus18.1/nios2eds/bin/gnu/h-x86_64-mingw32/bin/../lib/gcc/nios2-elf/5.3.0/../../../../../H-x86_64-mingw32/nios2-elf/lib\libsmallc.a(lib_a-__atexit.o)
                0x000000000004b484                __register_exitproc
 .text          0x000000000004b5dc        0x0 d:/quartus18.1/nios2eds/bin/gnu/h-x86_64-mingw32/bin/../lib/gcc/nios2-elf/5.3.0/../../../../../H-x86_64-mingw32/nios2-elf/lib\libsmallc.a(lib_a-__call_atexit.o)
 .text.__call_exitprocs
                0x000000000004b5dc      0x190 d:/quartus18.1/nios2eds/bin/gnu/h-x86_64-mingw32/bin/../lib/gcc/nios2-elf/5.3.0/../../../../../H-x86_64-mingw32/nios2-elf/lib\libsmallc.a(lib_a-__call_atexit.o)
                0x000000000004b5dc                __call_exitprocs
 .text          0x000000000004b76c       0x34 ../test_valid_bsp/\libhal_bsp.a(alt_exit.o)
                0x000000000004b76c                _exit
 *(.gnu.warning.*)
 *(.fini)
                [!provide]                        PROVIDE (__etext, ABSOLUTE (.))
                [!provide]                        PROVIDE (_etext, ABSOLUTE (.))
                [!provide]                        PROVIDE (etext, ABSOLUTE (.))
 *(.eh_frame_hdr)
                0x000000000004b7a0                . = ALIGN (0x4)
                [!provide]                        PROVIDE (__preinit_array_start, ABSOLUTE (.))
 *(.preinit_array)
                [!provide]                        PROVIDE (__preinit_array_end, ABSOLUTE (.))
                [!provide]                        PROVIDE (__init_array_start, ABSOLUTE (.))
 *(.init_array)
                [!provide]                        PROVIDE (__init_array_end, ABSOLUTE (.))
                [!provide]                        PROVIDE (__fini_array_start, ABSOLUTE (.))
 *(.fini_array)
                [!provide]                        PROVIDE (__fini_array_end, ABSOLUTE (.))
 *(.eh_frame)
 *(.gcc_except_table .gcc_except_table.*)
 *(.dynamic)
                0x000000000004b7a0                PROVIDE (__CTOR_LIST__, ABSOLUTE (.))
 *(.ctors)
 *(SORT(.ctors.*))
                0x000000000004b7a0                PROVIDE (__CTOR_END__, ABSOLUTE (.))
                0x000000000004b7a0                PROVIDE (__DTOR_LIST__, ABSOLUTE (.))
 *(.dtors)
 *(SORT(.dtors.*))
                0x000000000004b7a0                PROVIDE (__DTOR_END__, ABSOLUTE (.))
 *(.jcr)
                0x000000000004b7a0                . = ALIGN (0x4)

.rodata         0x000000000004b7a0      0x1f0
                0x000000000004b7a0                PROVIDE (__ram_rodata_start, ABSOLUTE (.))
                0x000000000004b7a0                . = ALIGN (0x4)
 *(.rodata .rodata.* .gnu.linkonce.r.*)
 .rodata        0x000000000004b7a0       0x74 obj/default/hello_world.o
 .rodata.str1.4
                0x000000000004b814        0x5 d:/quartus18.1/nios2eds/bin/gnu/h-x86_64-mingw32/bin/../lib/gcc/nios2-elf/5.3.0/../../../../../H-x86_64-mingw32/nios2-elf/lib\libm.a(lib_a-w_fmod.o)
 *fill*         0x000000000004b819        0x3 
 .rodata.str1.4
                0x000000000004b81c        0x4 d:/quartus18.1/nios2eds/bin/gnu/h-x86_64-mingw32/bin/../lib/gcc/nios2-elf/5.3.0/../../../../../H-x86_64-mingw32/nios2-elf/lib\libm.a(lib_a-w_log.o)
                                          0x5 (size before relaxing)
 .rodata.Zero   0x000000000004b820       0x10 d:/quartus18.1/nios2eds/bin/gnu/h-x86_64-mingw32/bin/../lib/gcc/nios2-elf/5.3.0/../../../../../H-x86_64-mingw32/nios2-elf/lib\libm.a(lib_a-e_fmod.o)
 .rodata        0x000000000004b830      0x100 d:/quartus18.1/nios2eds/bin/gnu/h-x86_64-mingw32/bin/../lib/gcc/nios2-elf/5.3.0\libgcc.a(_clz.o)
                0x000000000004b830                __clz_tab
 .rodata.str1.4
                0x000000000004b930        0x4 d:/quartus18.1/nios2eds/bin/gnu/h-x86_64-mingw32/bin/../lib/gcc/nios2-elf/5.3.0/../../../../../H-x86_64-mingw32/nios2-elf/lib\libsmallc.a(lib_a-puts.o)
                                          0x2 (size before relaxing)
 .rodata        0x000000000004b934        0xf ../test_valid_bsp/\libhal_bsp.a(alt_main.o)
 *fill*         0x000000000004b943        0x1 
 .rodata        0x000000000004b944       0x1f ../test_valid_bsp/\libhal_bsp.a(alt_sys_init.o)
 *fill*         0x000000000004b963        0x1 
 .rodata        0x000000000004b964       0x1d ../test_valid_bsp/\libhal_bsp.a(altera_avalon_i2c.o)
 *fill*         0x000000000004b981        0x3 
 .rodata        0x000000000004b984        0xa ../test_valid_bsp/\libhal_bsp.a(alt_dev.o)
 *(.rodata1)
                0x000000000004b990                . = ALIGN (0x4)
 *fill*         0x000000000004b98e        0x2 
                0x000000000004b990                PROVIDE (__ram_rodata_end, ABSOLUTE (.))
                0x000000000004b7a0                PROVIDE (__flash_rodata_start, LOADADDR (.rodata))

.rwdata         0x000000000004b990     0x1358 load address 0x000000000004cce8
                0x000000000004b990                PROVIDE (__ram_rwdata_start, ABSOLUTE (.))
                0x000000000004b990                . = ALIGN (0x4)
 *(.got.plt)
 *(.got)
 *(.data1)
 *(.data .data.* .gnu.linkonce.d.*)
 .data          0x000000000004b990        0x0 ../test_valid_bsp//obj/HAL/src/crt0.o
 .data          0x000000000004b990        0x0 obj/default/hello_world.o
 .data          0x000000000004b990        0x0 d:/quartus18.1/nios2eds/bin/gnu/h-x86_64-mingw32/bin/../lib/gcc/nios2-elf/5.3.0/../../../../../H-x86_64-mingw32/nios2-elf/lib\libm.a(lib_a-s_ceil.o)
 .data          0x000000000004b990        0x0 d:/quartus18.1/nios2eds/bin/gnu/h-x86_64-mingw32/bin/../lib/gcc/nios2-elf/5.3.0/../../../../../H-x86_64-mingw32/nios2-elf/lib\libm.a(lib_a-s_round.o)
 .data          0x000000000004b990        0x0 d:/quartus18.1/nios2eds/bin/gnu/h-x86_64-mingw32/bin/../lib/gcc/nios2-elf/5.3.0/../../../../../H-x86_64-mingw32/nios2-elf/lib\libm.a(lib_a-sf_round.o)
 .data          0x000000000004b990        0x0 d:/quartus18.1/nios2eds/bin/gnu/h-x86_64-mingw32/bin/../lib/gcc/nios2-elf/5.3.0/../../../../../H-x86_64-mingw32/nios2-elf/lib\libm.a(lib_a-w_fmod.o)
 .data          0x000000000004b990        0x0 d:/quartus18.1/nios2eds/bin/gnu/h-x86_64-mingw32/bin/../lib/gcc/nios2-elf/5.3.0/../../../../../H-x86_64-mingw32/nios2-elf/lib\libm.a(lib_a-w_log.o)
 .data          0x000000000004b990        0x0 d:/quartus18.1/nios2eds/bin/gnu/h-x86_64-mingw32/bin/../lib/gcc/nios2-elf/5.3.0/../../../../../H-x86_64-mingw32/nios2-elf/lib\libm.a(lib_a-e_fmod.o)
 .data          0x000000000004b990        0x0 d:/quartus18.1/nios2eds/bin/gnu/h-x86_64-mingw32/bin/../lib/gcc/nios2-elf/5.3.0/../../../../../H-x86_64-mingw32/nios2-elf/lib\libm.a(lib_a-e_log.o)
 .data          0x000000000004b990        0x0 d:/quartus18.1/nios2eds/bin/gnu/h-x86_64-mingw32/bin/../lib/gcc/nios2-elf/5.3.0/../../../../../H-x86_64-mingw32/nios2-elf/lib\libm.a(lib_a-s_fpclassify.o)
 .data          0x000000000004b990        0x0 d:/quartus18.1/nios2eds/bin/gnu/h-x86_64-mingw32/bin/../lib/gcc/nios2-elf/5.3.0/../../../../../H-x86_64-mingw32/nios2-elf/lib\libm.a(lib_a-s_lib_ver.o)
 .data          0x000000000004b990        0x0 d:/quartus18.1/nios2eds/bin/gnu/h-x86_64-mingw32/bin/../lib/gcc/nios2-elf/5.3.0/../../../../../H-x86_64-mingw32/nios2-elf/lib\libm.a(lib_a-s_matherr.o)
 .data          0x000000000004b990        0x0 d:/quartus18.1/nios2eds/bin/gnu/h-x86_64-mingw32/bin/../lib/gcc/nios2-elf/5.3.0/../../../../../H-x86_64-mingw32/nios2-elf/lib\libm.a(lib_a-s_nan.o)
 .data          0x000000000004b990        0x0 d:/quartus18.1/nios2eds/bin/gnu/h-x86_64-mingw32/bin/../lib/gcc/nios2-elf/5.3.0\libgcc.a(_fixunssfsi.o)
 .data          0x000000000004b990        0x0 d:/quartus18.1/nios2eds/bin/gnu/h-x86_64-mingw32/bin/../lib/gcc/nios2-elf/5.3.0\libgcc.a(lib2-divmod.o)
 .data          0x000000000004b990        0x0 d:/quartus18.1/nios2eds/bin/gnu/h-x86_64-mingw32/bin/../lib/gcc/nios2-elf/5.3.0\libgcc.a(addsf3.o)
 .data          0x000000000004b990        0x0 d:/quartus18.1/nios2eds/bin/gnu/h-x86_64-mingw32/bin/../lib/gcc/nios2-elf/5.3.0\libgcc.a(divsf3.o)
 .data          0x000000000004b990        0x0 d:/quartus18.1/nios2eds/bin/gnu/h-x86_64-mingw32/bin/../lib/gcc/nios2-elf/5.3.0\libgcc.a(gesf2.o)
 .data          0x000000000004b990        0x0 d:/quartus18.1/nios2eds/bin/gnu/h-x86_64-mingw32/bin/../lib/gcc/nios2-elf/5.3.0\libgcc.a(lesf2.o)
 .data          0x000000000004b990        0x0 d:/quartus18.1/nios2eds/bin/gnu/h-x86_64-mingw32/bin/../lib/gcc/nios2-elf/5.3.0\libgcc.a(mulsf3.o)
 .data          0x000000000004b990        0x0 d:/quartus18.1/nios2eds/bin/gnu/h-x86_64-mingw32/bin/../lib/gcc/nios2-elf/5.3.0\libgcc.a(subsf3.o)
 .data          0x000000000004b990        0x0 d:/quartus18.1/nios2eds/bin/gnu/h-x86_64-mingw32/bin/../lib/gcc/nios2-elf/5.3.0\libgcc.a(fixsfsi.o)
 .data          0x000000000004b990        0x0 d:/quartus18.1/nios2eds/bin/gnu/h-x86_64-mingw32/bin/../lib/gcc/nios2-elf/5.3.0\libgcc.a(floatsisf.o)
 .data          0x000000000004b990        0x0 d:/quartus18.1/nios2eds/bin/gnu/h-x86_64-mingw32/bin/../lib/gcc/nios2-elf/5.3.0\libgcc.a(adddf3.o)
 .data          0x000000000004b990        0x0 d:/quartus18.1/nios2eds/bin/gnu/h-x86_64-mingw32/bin/../lib/gcc/nios2-elf/5.3.0\libgcc.a(divdf3.o)
 .data          0x000000000004b990        0x0 d:/quartus18.1/nios2eds/bin/gnu/h-x86_64-mingw32/bin/../lib/gcc/nios2-elf/5.3.0\libgcc.a(eqdf2.o)
 .data          0x000000000004b990        0x0 d:/quartus18.1/nios2eds/bin/gnu/h-x86_64-mingw32/bin/../lib/gcc/nios2-elf/5.3.0\libgcc.a(gedf2.o)
 .data          0x000000000004b990        0x0 d:/quartus18.1/nios2eds/bin/gnu/h-x86_64-mingw32/bin/../lib/gcc/nios2-elf/5.3.0\libgcc.a(muldf3.o)
 .data          0x000000000004b990        0x0 d:/quartus18.1/nios2eds/bin/gnu/h-x86_64-mingw32/bin/../lib/gcc/nios2-elf/5.3.0\libgcc.a(subdf3.o)
 .data          0x000000000004b990        0x0 d:/quartus18.1/nios2eds/bin/gnu/h-x86_64-mingw32/bin/../lib/gcc/nios2-elf/5.3.0\libgcc.a(fixdfsi.o)
 .data          0x000000000004b990        0x0 d:/quartus18.1/nios2eds/bin/gnu/h-x86_64-mingw32/bin/../lib/gcc/nios2-elf/5.3.0\libgcc.a(floatsidf.o)
 .data          0x000000000004b990        0x0 d:/quartus18.1/nios2eds/bin/gnu/h-x86_64-mingw32/bin/../lib/gcc/nios2-elf/5.3.0\libgcc.a(extendsfdf2.o)
 .data          0x000000000004b990        0x0 d:/quartus18.1/nios2eds/bin/gnu/h-x86_64-mingw32/bin/../lib/gcc/nios2-elf/5.3.0\libgcc.a(truncdfsf2.o)
 .data          0x000000000004b990        0x0 d:/quartus18.1/nios2eds/bin/gnu/h-x86_64-mingw32/bin/../lib/gcc/nios2-elf/5.3.0\libgcc.a(_clzsi2.o)
 .data          0x000000000004b990        0x0 d:/quartus18.1/nios2eds/bin/gnu/h-x86_64-mingw32/bin/../lib/gcc/nios2-elf/5.3.0\libgcc.a(_clz.o)
 .data          0x000000000004b990        0x0 d:/quartus18.1/nios2eds/bin/gnu/h-x86_64-mingw32/bin/../lib/gcc/nios2-elf/5.3.0/../../../../../H-x86_64-mingw32/nios2-elf/lib\libsmallc.a(lib_a-errno.o)
 .data          0x000000000004b990        0x0 d:/quartus18.1/nios2eds/bin/gnu/h-x86_64-mingw32/bin/../lib/gcc/nios2-elf/5.3.0/../../../../../H-x86_64-mingw32/nios2-elf/lib\libsmallc.a(lib_a-impure.o)
 .data.impure_data
                0x000000000004b990       0xe0 d:/quartus18.1/nios2eds/bin/gnu/h-x86_64-mingw32/bin/../lib/gcc/nios2-elf/5.3.0/../../../../../H-x86_64-mingw32/nios2-elf/lib\libsmallc.a(lib_a-impure.o)
 .data          0x000000000004ba70        0x0 d:/quartus18.1/nios2eds/bin/gnu/h-x86_64-mingw32/bin/../lib/gcc/nios2-elf/5.3.0/../../../../../H-x86_64-mingw32/nios2-elf/lib\libsmallc.a(lib_a-printf.o)
 .data          0x000000000004ba70        0x0 d:/quartus18.1/nios2eds/bin/gnu/h-x86_64-mingw32/bin/../lib/gcc/nios2-elf/5.3.0/../../../../../H-x86_64-mingw32/nios2-elf/lib\libsmallc.a(lib_a-putchar.o)
 .data          0x000000000004ba70        0x0 d:/quartus18.1/nios2eds/bin/gnu/h-x86_64-mingw32/bin/../lib/gcc/nios2-elf/5.3.0/../../../../../H-x86_64-mingw32/nios2-elf/lib\libsmallc.a(lib_a-puts.o)
 .data          0x000000000004ba70        0x0 d:/quartus18.1/nios2eds/bin/gnu/h-x86_64-mingw32/bin/../lib/gcc/nios2-elf/5.3.0/../../../../../H-x86_64-mingw32/nios2-elf/lib\libsmallc.a(lib_a-strlen.o)
 .data          0x000000000004ba70        0x0 d:/quartus18.1/nios2eds/bin/gnu/h-x86_64-mingw32/bin/../lib/gcc/nios2-elf/5.3.0/../../../../../H-x86_64-mingw32/nios2-elf/lib\libsmallc.a(lib_a-vfprintf.o)
 .data          0x000000000004ba70        0x0 d:/quartus18.1/nios2eds/bin/gnu/h-x86_64-mingw32/bin/../lib/gcc/nios2-elf/5.3.0/../../../../../H-x86_64-mingw32/nios2-elf/lib\libsmallc.a(lib_a-fvwrite_small_dev.o)
 .data          0x000000000004ba70        0x0 d:/quartus18.1/nios2eds/bin/gnu/h-x86_64-mingw32/bin/../lib/gcc/nios2-elf/5.3.0/../../../../../H-x86_64-mingw32/nios2-elf/lib\libsmallc.a(lib_a-putc.o)
 .data          0x000000000004ba70        0x0 d:/quartus18.1/nios2eds/bin/gnu/h-x86_64-mingw32/bin/../lib/gcc/nios2-elf/5.3.0/../../../../../H-x86_64-mingw32/nios2-elf/lib\libsmallc.a(lib_a-writer.o)
 .data          0x000000000004ba70        0x0 d:/quartus18.1/nios2eds/bin/gnu/h-x86_64-mingw32/bin/../lib/gcc/nios2-elf/5.3.0/../../../../../H-x86_64-mingw32/nios2-elf/lib\libsmallc.a(lib_a-int_errno.o)
 .data          0x000000000004ba70        0x0 ../test_valid_bsp/\libhal_bsp.a(alt_load.o)
 .data          0x000000000004ba70        0x0 ../test_valid_bsp/\libhal_bsp.a(alt_main.o)
 .data          0x000000000004ba70        0x0 ../test_valid_bsp/\libhal_bsp.a(alt_write.o)
 .data          0x000000000004ba70     0x1098 ../test_valid_bsp/\libhal_bsp.a(alt_sys_init.o)
 .data          0x000000000004cb08        0x0 ../test_valid_bsp/\libhal_bsp.a(altera_avalon_i2c.o)
 .data          0x000000000004cb08        0x0 ../test_valid_bsp/\libhal_bsp.a(altera_avalon_jtag_uart_fd.o)
 .data          0x000000000004cb08        0x0 ../test_valid_bsp/\libhal_bsp.a(altera_avalon_jtag_uart_init.o)
 .data          0x000000000004cb08        0x0 ../test_valid_bsp/\libhal_bsp.a(altera_avalon_jtag_uart_ioctl.o)
 .data          0x000000000004cb08        0x0 ../test_valid_bsp/\libhal_bsp.a(altera_avalon_jtag_uart_read.o)
 .data          0x000000000004cb08        0x0 ../test_valid_bsp/\libhal_bsp.a(altera_avalon_jtag_uart_write.o)
 .data          0x000000000004cb08        0x0 ../test_valid_bsp/\libhal_bsp.a(altera_avalon_timer_sc.o)
 .data          0x000000000004cb08        0x0 ../test_valid_bsp/\libhal_bsp.a(alt_alarm_start.o)
 .data          0x000000000004cb08        0x0 ../test_valid_bsp/\libhal_bsp.a(alt_busy_sleep.o)
 .data          0x000000000004cb08        0x0 ../test_valid_bsp/\libhal_bsp.a(alt_close.o)
 .data          0x000000000004cb08        0x0 ../test_valid_bsp/\libhal_bsp.a(alt_dcache_flush_all.o)
 .data          0x000000000004cb08      0x1a8 ../test_valid_bsp/\libhal_bsp.a(alt_dev.o)
                0x000000000004cb08                alt_dev_null
                0x000000000004cb30                alt_fd_list
 .data          0x000000000004ccb0        0x0 ../test_valid_bsp/\libhal_bsp.a(alt_dev_llist_insert.o)
 .data          0x000000000004ccb0        0x0 ../test_valid_bsp/\libhal_bsp.a(alt_do_ctors.o)
 .data          0x000000000004ccb0        0x0 ../test_valid_bsp/\libhal_bsp.a(alt_do_dtors.o)
 .data          0x000000000004ccb0        0x0 ../test_valid_bsp/\libhal_bsp.a(alt_errno.o)
 .data          0x000000000004ccb0        0x0 ../test_valid_bsp/\libhal_bsp.a(alt_find_dev.o)
 .data          0x000000000004ccb0        0x0 ../test_valid_bsp/\libhal_bsp.a(alt_icache_flush_all.o)
 .data          0x000000000004ccb0        0x0 ../test_valid_bsp/\libhal_bsp.a(alt_iic.o)
 .data          0x000000000004ccb0        0x0 ../test_valid_bsp/\libhal_bsp.a(alt_iic_isr_register.o)
 .data          0x000000000004ccb0        0x0 ../test_valid_bsp/\libhal_bsp.a(alt_io_redirect.o)
 .data          0x000000000004ccb0        0x0 ../test_valid_bsp/\libhal_bsp.a(alt_irq_entry.o)
 .data          0x000000000004ccb0        0x0 ../test_valid_bsp/\libhal_bsp.a(alt_irq_handler.o)
 .data          0x000000000004ccb0        0x0 ../test_valid_bsp/\libhal_bsp.a(alt_irq_vars.o)
 .data          0x000000000004ccb0        0x0 ../test_valid_bsp/\libhal_bsp.a(alt_open.o)
 .data          0x000000000004ccb0        0x0 ../test_valid_bsp/\libhal_bsp.a(alt_printf.o)
 .data          0x000000000004ccb0        0x0 ../test_valid_bsp/\libhal_bsp.a(alt_putchar.o)
 .data          0x000000000004ccb0        0x0 ../test_valid_bsp/\libhal_bsp.a(alt_release_fd.o)
 .data          0x000000000004ccb0        0x0 ../test_valid_bsp/\libhal_bsp.a(alt_tick.o)
 .data          0x000000000004ccb0        0x0 ../test_valid_bsp/\libhal_bsp.a(altera_nios2_gen2_irq.o)
 .data          0x000000000004ccb0        0x0 ../test_valid_bsp/\libhal_bsp.a(alt_exception_entry.o)
 .data          0x000000000004ccb0        0x0 ../test_valid_bsp/\libhal_bsp.a(alt_find_file.o)
 .data          0x000000000004ccb0        0x0 ../test_valid_bsp/\libhal_bsp.a(alt_get_fd.o)
 .data          0x000000000004ccb0        0x0 ../test_valid_bsp/\libhal_bsp.a(alt_icache_flush.o)
 .data          0x000000000004ccb0        0x0 ../test_valid_bsp/\libhal_bsp.a(alt_instruction_exception_entry.o)
 .data          0x000000000004ccb0        0x0 d:/quartus18.1/nios2eds/bin/gnu/h-x86_64-mingw32/bin/../lib/gcc/nios2-elf/5.3.0/../../../../../H-x86_64-mingw32/nios2-elf/lib\libsmallc.a(lib_a-atexit.o)
 .data          0x000000000004ccb0        0x0 d:/quartus18.1/nios2eds/bin/gnu/h-x86_64-mingw32/bin/../lib/gcc/nios2-elf/5.3.0/../../../../../H-x86_64-mingw32/nios2-elf/lib\libsmallc.a(lib_a-exit.o)
 .data          0x000000000004ccb0        0x0 d:/quartus18.1/nios2eds/bin/gnu/h-x86_64-mingw32/bin/../lib/gcc/nios2-elf/5.3.0/../../../../../H-x86_64-mingw32/nios2-elf/lib\libsmallc.a(lib_a-memcmp.o)
 .data          0x000000000004ccb0        0x0 d:/quartus18.1/nios2eds/bin/gnu/h-x86_64-mingw32/bin/../lib/gcc/nios2-elf/5.3.0/../../../../../H-x86_64-mingw32/nios2-elf/lib\libsmallc.a(lib_a-memcpy.o)
 .data          0x000000000004ccb0        0x0 d:/quartus18.1/nios2eds/bin/gnu/h-x86_64-mingw32/bin/../lib/gcc/nios2-elf/5.3.0/../../../../../H-x86_64-mingw32/nios2-elf/lib\libsmallc.a(lib_a-__atexit.o)
 .data          0x000000000004ccb0        0x0 d:/quartus18.1/nios2eds/bin/gnu/h-x86_64-mingw32/bin/../lib/gcc/nios2-elf/5.3.0/../../../../../H-x86_64-mingw32/nios2-elf/lib\libsmallc.a(lib_a-__call_atexit.o)
 .data          0x000000000004ccb0        0x0 ../test_valid_bsp/\libhal_bsp.a(alt_exit.o)
                0x0000000000054cb0                _gp = ABSOLUTE ((. + 0x8000))
                [!provide]                        PROVIDE (gp, _gp)
 *(.rwdata .rwdata.*)
 *(.sdata .sdata.* .gnu.linkonce.s.*)
 .sdata.__fdlib_version
                0x000000000004ccb0        0x4 d:/quartus18.1/nios2eds/bin/gnu/h-x86_64-mingw32/bin/../lib/gcc/nios2-elf/5.3.0/../../../../../H-x86_64-mingw32/nios2-elf/lib\libm.a(lib_a-s_lib_ver.o)
                0x000000000004ccb0                __fdlib_version
 .sdata._global_impure_ptr
                0x000000000004ccb4        0x4 d:/quartus18.1/nios2eds/bin/gnu/h-x86_64-mingw32/bin/../lib/gcc/nios2-elf/5.3.0/../../../../../H-x86_64-mingw32/nios2-elf/lib\libsmallc.a(lib_a-impure.o)
                0x000000000004ccb4                _global_impure_ptr
 .sdata._impure_ptr
                0x000000000004ccb8        0x4 d:/quartus18.1/nios2eds/bin/gnu/h-x86_64-mingw32/bin/../lib/gcc/nios2-elf/5.3.0/../../../../../H-x86_64-mingw32/nios2-elf/lib\libsmallc.a(lib_a-impure.o)
                0x000000000004ccb8                _impure_ptr
 .sdata         0x000000000004ccbc        0x8 ../test_valid_bsp/\libhal_bsp.a(altera_avalon_i2c.o)
                0x000000000004ccbc                alt_avalon_i2c_list
 .sdata         0x000000000004ccc4       0x14 ../test_valid_bsp/\libhal_bsp.a(alt_dev.o)
                0x000000000004ccc4                alt_fs_list
                0x000000000004cccc                alt_dev_list
                0x000000000004ccd4                alt_max_fd
 .sdata         0x000000000004ccd8        0x4 ../test_valid_bsp/\libhal_bsp.a(alt_errno.o)
                0x000000000004ccd8                alt_errno
 .sdata         0x000000000004ccdc        0x4 ../test_valid_bsp/\libhal_bsp.a(alt_irq_vars.o)
                0x000000000004ccdc                alt_priority_mask
 .sdata         0x000000000004cce0        0x8 ../test_valid_bsp/\libhal_bsp.a(alt_tick.o)
                0x000000000004cce0                alt_alarm_list
 *(.sdata2 .sdata2.* .gnu.linkonce.s2.*)
                0x000000000004cce8                . = ALIGN (0x4)
                0x000000000004cce8                _edata = ABSOLUTE (.)
                [!provide]                        PROVIDE (edata, ABSOLUTE (.))
                0x000000000004cce8                PROVIDE (__ram_rwdata_end, ABSOLUTE (.))
                0x000000000004cce8                PROVIDE (__flash_rwdata_start, LOADADDR (.rwdata))

.bss            0x000000000004e040      0x120
                0x000000000004e040                __bss_start = ABSOLUTE (.)
                [!provide]                        PROVIDE (__sbss_start, ABSOLUTE (.))
                [!provide]                        PROVIDE (___sbss_start, ABSOLUTE (.))
 *(.dynsbss)
 *(.sbss .sbss.* .gnu.linkonce.sb.*)
 .sbss          0x000000000004e040        0x4 d:/quartus18.1/nios2eds/bin/gnu/h-x86_64-mingw32/bin/../lib/gcc/nios2-elf/5.3.0/../../../../../H-x86_64-mingw32/nios2-elf/lib\libsmallc.a(lib_a-int_errno.o)
                0x000000000004e040                errno
 .sbss          0x000000000004e044        0xc ../test_valid_bsp/\libhal_bsp.a(alt_main.o)
                0x000000000004e044                alt_argc
                0x000000000004e048                alt_argv
                0x000000000004e04c                alt_envp
 .sbss          0x000000000004e050        0x4 ../test_valid_bsp/\libhal_bsp.a(alt_irq_vars.o)
                0x000000000004e050                alt_irq_active
 .sbss          0x000000000004e054        0x8 ../test_valid_bsp/\libhal_bsp.a(alt_tick.o)
                0x000000000004e054                _alt_tick_rate
                0x000000000004e058                _alt_nticks
 .sbss          0x000000000004e05c        0x4 ../test_valid_bsp/\libhal_bsp.a(alt_instruction_exception_entry.o)
                0x000000000004e05c                alt_instruction_exception_handler
 *(.sbss2 .sbss2.* .gnu.linkonce.sb2.*)
 *(.scommon)
                [!provide]                        PROVIDE (__sbss_end, ABSOLUTE (.))
                [!provide]                        PROVIDE (___sbss_end, ABSOLUTE (.))
 *(.dynbss)
 *(.bss .bss.* .gnu.linkonce.b.*)
 .bss           0x000000000004e060        0x0 ../test_valid_bsp//obj/HAL/src/crt0.o
 .bss           0x000000000004e060        0x0 obj/default/hello_world.o
 .bss           0x000000000004e060        0x0 d:/quartus18.1/nios2eds/bin/gnu/h-x86_64-mingw32/bin/../lib/gcc/nios2-elf/5.3.0/../../../../../H-x86_64-mingw32/nios2-elf/lib\libm.a(lib_a-s_ceil.o)
 .bss           0x000000000004e060        0x0 d:/quartus18.1/nios2eds/bin/gnu/h-x86_64-mingw32/bin/../lib/gcc/nios2-elf/5.3.0/../../../../../H-x86_64-mingw32/nios2-elf/lib\libm.a(lib_a-s_round.o)
 .bss           0x000000000004e060        0x0 d:/quartus18.1/nios2eds/bin/gnu/h-x86_64-mingw32/bin/../lib/gcc/nios2-elf/5.3.0/../../../../../H-x86_64-mingw32/nios2-elf/lib\libm.a(lib_a-sf_round.o)
 .bss           0x000000000004e060        0x0 d:/quartus18.1/nios2eds/bin/gnu/h-x86_64-mingw32/bin/../lib/gcc/nios2-elf/5.3.0/../../../../../H-x86_64-mingw32/nios2-elf/lib\libm.a(lib_a-w_fmod.o)
 .bss           0x000000000004e060        0x0 d:/quartus18.1/nios2eds/bin/gnu/h-x86_64-mingw32/bin/../lib/gcc/nios2-elf/5.3.0/../../../../../H-x86_64-mingw32/nios2-elf/lib\libm.a(lib_a-w_log.o)
 .bss           0x000000000004e060        0x0 d:/quartus18.1/nios2eds/bin/gnu/h-x86_64-mingw32/bin/../lib/gcc/nios2-elf/5.3.0/../../../../../H-x86_64-mingw32/nios2-elf/lib\libm.a(lib_a-e_fmod.o)
 .bss           0x000000000004e060        0x0 d:/quartus18.1/nios2eds/bin/gnu/h-x86_64-mingw32/bin/../lib/gcc/nios2-elf/5.3.0/../../../../../H-x86_64-mingw32/nios2-elf/lib\libm.a(lib_a-e_log.o)
 .bss           0x000000000004e060        0x0 d:/quartus18.1/nios2eds/bin/gnu/h-x86_64-mingw32/bin/../lib/gcc/nios2-elf/5.3.0/../../../../../H-x86_64-mingw32/nios2-elf/lib\libm.a(lib_a-s_fpclassify.o)
 .bss           0x000000000004e060        0x0 d:/quartus18.1/nios2eds/bin/gnu/h-x86_64-mingw32/bin/../lib/gcc/nios2-elf/5.3.0/../../../../../H-x86_64-mingw32/nios2-elf/lib\libm.a(lib_a-s_lib_ver.o)
 .bss           0x000000000004e060        0x0 d:/quartus18.1/nios2eds/bin/gnu/h-x86_64-mingw32/bin/../lib/gcc/nios2-elf/5.3.0/../../../../../H-x86_64-mingw32/nios2-elf/lib\libm.a(lib_a-s_matherr.o)
 .bss           0x000000000004e060        0x0 d:/quartus18.1/nios2eds/bin/gnu/h-x86_64-mingw32/bin/../lib/gcc/nios2-elf/5.3.0/../../../../../H-x86_64-mingw32/nios2-elf/lib\libm.a(lib_a-s_nan.o)
 .bss           0x000000000004e060        0x0 d:/quartus18.1/nios2eds/bin/gnu/h-x86_64-mingw32/bin/../lib/gcc/nios2-elf/5.3.0\libgcc.a(_fixunssfsi.o)
 .bss           0x000000000004e060        0x0 d:/quartus18.1/nios2eds/bin/gnu/h-x86_64-mingw32/bin/../lib/gcc/nios2-elf/5.3.0\libgcc.a(lib2-divmod.o)
 .bss           0x000000000004e060        0x0 d:/quartus18.1/nios2eds/bin/gnu/h-x86_64-mingw32/bin/../lib/gcc/nios2-elf/5.3.0\libgcc.a(addsf3.o)
 .bss           0x000000000004e060        0x0 d:/quartus18.1/nios2eds/bin/gnu/h-x86_64-mingw32/bin/../lib/gcc/nios2-elf/5.3.0\libgcc.a(divsf3.o)
 .bss           0x000000000004e060        0x0 d:/quartus18.1/nios2eds/bin/gnu/h-x86_64-mingw32/bin/../lib/gcc/nios2-elf/5.3.0\libgcc.a(gesf2.o)
 .bss           0x000000000004e060        0x0 d:/quartus18.1/nios2eds/bin/gnu/h-x86_64-mingw32/bin/../lib/gcc/nios2-elf/5.3.0\libgcc.a(lesf2.o)
 .bss           0x000000000004e060        0x0 d:/quartus18.1/nios2eds/bin/gnu/h-x86_64-mingw32/bin/../lib/gcc/nios2-elf/5.3.0\libgcc.a(mulsf3.o)
 .bss           0x000000000004e060        0x0 d:/quartus18.1/nios2eds/bin/gnu/h-x86_64-mingw32/bin/../lib/gcc/nios2-elf/5.3.0\libgcc.a(subsf3.o)
 .bss           0x000000000004e060        0x0 d:/quartus18.1/nios2eds/bin/gnu/h-x86_64-mingw32/bin/../lib/gcc/nios2-elf/5.3.0\libgcc.a(fixsfsi.o)
 .bss           0x000000000004e060        0x0 d:/quartus18.1/nios2eds/bin/gnu/h-x86_64-mingw32/bin/../lib/gcc/nios2-elf/5.3.0\libgcc.a(floatsisf.o)
 .bss           0x000000000004e060        0x0 d:/quartus18.1/nios2eds/bin/gnu/h-x86_64-mingw32/bin/../lib/gcc/nios2-elf/5.3.0\libgcc.a(adddf3.o)
 .bss           0x000000000004e060        0x0 d:/quartus18.1/nios2eds/bin/gnu/h-x86_64-mingw32/bin/../lib/gcc/nios2-elf/5.3.0\libgcc.a(divdf3.o)
 .bss           0x000000000004e060        0x0 d:/quartus18.1/nios2eds/bin/gnu/h-x86_64-mingw32/bin/../lib/gcc/nios2-elf/5.3.0\libgcc.a(eqdf2.o)
 .bss           0x000000000004e060        0x0 d:/quartus18.1/nios2eds/bin/gnu/h-x86_64-mingw32/bin/../lib/gcc/nios2-elf/5.3.0\libgcc.a(gedf2.o)
 .bss           0x000000000004e060        0x0 d:/quartus18.1/nios2eds/bin/gnu/h-x86_64-mingw32/bin/../lib/gcc/nios2-elf/5.3.0\libgcc.a(muldf3.o)
 .bss           0x000000000004e060        0x0 d:/quartus18.1/nios2eds/bin/gnu/h-x86_64-mingw32/bin/../lib/gcc/nios2-elf/5.3.0\libgcc.a(subdf3.o)
 .bss           0x000000000004e060        0x0 d:/quartus18.1/nios2eds/bin/gnu/h-x86_64-mingw32/bin/../lib/gcc/nios2-elf/5.3.0\libgcc.a(fixdfsi.o)
 .bss           0x000000000004e060        0x0 d:/quartus18.1/nios2eds/bin/gnu/h-x86_64-mingw32/bin/../lib/gcc/nios2-elf/5.3.0\libgcc.a(floatsidf.o)
 .bss           0x000000000004e060        0x0 d:/quartus18.1/nios2eds/bin/gnu/h-x86_64-mingw32/bin/../lib/gcc/nios2-elf/5.3.0\libgcc.a(extendsfdf2.o)
 .bss           0x000000000004e060        0x0 d:/quartus18.1/nios2eds/bin/gnu/h-x86_64-mingw32/bin/../lib/gcc/nios2-elf/5.3.0\libgcc.a(truncdfsf2.o)
 .bss           0x000000000004e060        0x0 d:/quartus18.1/nios2eds/bin/gnu/h-x86_64-mingw32/bin/../lib/gcc/nios2-elf/5.3.0\libgcc.a(_clzsi2.o)
 .bss           0x000000000004e060        0x0 d:/quartus18.1/nios2eds/bin/gnu/h-x86_64-mingw32/bin/../lib/gcc/nios2-elf/5.3.0\libgcc.a(_clz.o)
 .bss           0x000000000004e060        0x0 d:/quartus18.1/nios2eds/bin/gnu/h-x86_64-mingw32/bin/../lib/gcc/nios2-elf/5.3.0/../../../../../H-x86_64-mingw32/nios2-elf/lib\libsmallc.a(lib_a-errno.o)
 .bss           0x000000000004e060        0x0 d:/quartus18.1/nios2eds/bin/gnu/h-x86_64-mingw32/bin/../lib/gcc/nios2-elf/5.3.0/../../../../../H-x86_64-mingw32/nios2-elf/lib\libsmallc.a(lib_a-impure.o)
 .bss           0x000000000004e060        0x0 d:/quartus18.1/nios2eds/bin/gnu/h-x86_64-mingw32/bin/../lib/gcc/nios2-elf/5.3.0/../../../../../H-x86_64-mingw32/nios2-elf/lib\libsmallc.a(lib_a-printf.o)
 .bss           0x000000000004e060        0x0 d:/quartus18.1/nios2eds/bin/gnu/h-x86_64-mingw32/bin/../lib/gcc/nios2-elf/5.3.0/../../../../../H-x86_64-mingw32/nios2-elf/lib\libsmallc.a(lib_a-putchar.o)
 .bss           0x000000000004e060        0x0 d:/quartus18.1/nios2eds/bin/gnu/h-x86_64-mingw32/bin/../lib/gcc/nios2-elf/5.3.0/../../../../../H-x86_64-mingw32/nios2-elf/lib\libsmallc.a(lib_a-puts.o)
 .bss           0x000000000004e060        0x0 d:/quartus18.1/nios2eds/bin/gnu/h-x86_64-mingw32/bin/../lib/gcc/nios2-elf/5.3.0/../../../../../H-x86_64-mingw32/nios2-elf/lib\libsmallc.a(lib_a-strlen.o)
 .bss           0x000000000004e060        0x0 d:/quartus18.1/nios2eds/bin/gnu/h-x86_64-mingw32/bin/../lib/gcc/nios2-elf/5.3.0/../../../../../H-x86_64-mingw32/nios2-elf/lib\libsmallc.a(lib_a-vfprintf.o)
 .bss           0x000000000004e060        0x0 d:/quartus18.1/nios2eds/bin/gnu/h-x86_64-mingw32/bin/../lib/gcc/nios2-elf/5.3.0/../../../../../H-x86_64-mingw32/nios2-elf/lib\libsmallc.a(lib_a-fvwrite_small_dev.o)
 .bss           0x000000000004e060        0x0 d:/quartus18.1/nios2eds/bin/gnu/h-x86_64-mingw32/bin/../lib/gcc/nios2-elf/5.3.0/../../../../../H-x86_64-mingw32/nios2-elf/lib\libsmallc.a(lib_a-putc.o)
 .bss           0x000000000004e060        0x0 d:/quartus18.1/nios2eds/bin/gnu/h-x86_64-mingw32/bin/../lib/gcc/nios2-elf/5.3.0/../../../../../H-x86_64-mingw32/nios2-elf/lib\libsmallc.a(lib_a-writer.o)
 .bss           0x000000000004e060        0x0 d:/quartus18.1/nios2eds/bin/gnu/h-x86_64-mingw32/bin/../lib/gcc/nios2-elf/5.3.0/../../../../../H-x86_64-mingw32/nios2-elf/lib\libsmallc.a(lib_a-int_errno.o)
 .bss           0x000000000004e060        0x0 ../test_valid_bsp/\libhal_bsp.a(alt_load.o)
 .bss           0x000000000004e060        0x0 ../test_valid_bsp/\libhal_bsp.a(alt_main.o)
 .bss           0x000000000004e060        0x0 ../test_valid_bsp/\libhal_bsp.a(alt_write.o)
 .bss           0x000000000004e060        0x0 ../test_valid_bsp/\libhal_bsp.a(alt_sys_init.o)
 .bss           0x000000000004e060        0x0 ../test_valid_bsp/\libhal_bsp.a(altera_avalon_i2c.o)
 .bss           0x000000000004e060        0x0 ../test_valid_bsp/\libhal_bsp.a(altera_avalon_jtag_uart_fd.o)
 .bss           0x000000000004e060        0x0 ../test_valid_bsp/\libhal_bsp.a(altera_avalon_jtag_uart_init.o)
 .bss           0x000000000004e060        0x0 ../test_valid_bsp/\libhal_bsp.a(altera_avalon_jtag_uart_ioctl.o)
 .bss           0x000000000004e060        0x0 ../test_valid_bsp/\libhal_bsp.a(altera_avalon_jtag_uart_read.o)
 .bss           0x000000000004e060        0x0 ../test_valid_bsp/\libhal_bsp.a(altera_avalon_jtag_uart_write.o)
 .bss           0x000000000004e060        0x0 ../test_valid_bsp/\libhal_bsp.a(altera_avalon_timer_sc.o)
 .bss           0x000000000004e060        0x0 ../test_valid_bsp/\libhal_bsp.a(alt_alarm_start.o)
 .bss           0x000000000004e060        0x0 ../test_valid_bsp/\libhal_bsp.a(alt_busy_sleep.o)
 .bss           0x000000000004e060        0x0 ../test_valid_bsp/\libhal_bsp.a(alt_close.o)
 .bss           0x000000000004e060        0x0 ../test_valid_bsp/\libhal_bsp.a(alt_dcache_flush_all.o)
 .bss           0x000000000004e060        0x0 ../test_valid_bsp/\libhal_bsp.a(alt_dev.o)
 .bss           0x000000000004e060        0x0 ../test_valid_bsp/\libhal_bsp.a(alt_dev_llist_insert.o)
 .bss           0x000000000004e060        0x0 ../test_valid_bsp/\libhal_bsp.a(alt_do_ctors.o)
 .bss           0x000000000004e060        0x0 ../test_valid_bsp/\libhal_bsp.a(alt_do_dtors.o)
 .bss           0x000000000004e060        0x0 ../test_valid_bsp/\libhal_bsp.a(alt_errno.o)
 .bss           0x000000000004e060        0x0 ../test_valid_bsp/\libhal_bsp.a(alt_find_dev.o)
 .bss           0x000000000004e060        0x0 ../test_valid_bsp/\libhal_bsp.a(alt_icache_flush_all.o)
 .bss           0x000000000004e060        0x0 ../test_valid_bsp/\libhal_bsp.a(alt_iic.o)
 .bss           0x000000000004e060        0x0 ../test_valid_bsp/\libhal_bsp.a(alt_iic_isr_register.o)
 .bss           0x000000000004e060        0x0 ../test_valid_bsp/\libhal_bsp.a(alt_io_redirect.o)
 .bss           0x000000000004e060        0x0 ../test_valid_bsp/\libhal_bsp.a(alt_irq_entry.o)
 .bss           0x000000000004e060        0x0 ../test_valid_bsp/\libhal_bsp.a(alt_irq_handler.o)
 .bss           0x000000000004e060        0x0 ../test_valid_bsp/\libhal_bsp.a(alt_irq_vars.o)
 .bss           0x000000000004e060        0x0 ../test_valid_bsp/\libhal_bsp.a(alt_open.o)
 .bss           0x000000000004e060        0x0 ../test_valid_bsp/\libhal_bsp.a(alt_printf.o)
 .bss           0x000000000004e060        0x0 ../test_valid_bsp/\libhal_bsp.a(alt_putchar.o)
 .bss           0x000000000004e060        0x0 ../test_valid_bsp/\libhal_bsp.a(alt_release_fd.o)
 .bss           0x000000000004e060        0x0 ../test_valid_bsp/\libhal_bsp.a(alt_tick.o)
 .bss           0x000000000004e060        0x0 ../test_valid_bsp/\libhal_bsp.a(altera_nios2_gen2_irq.o)
 .bss           0x000000000004e060        0x0 ../test_valid_bsp/\libhal_bsp.a(alt_exception_entry.o)
 .bss           0x000000000004e060        0x0 ../test_valid_bsp/\libhal_bsp.a(alt_find_file.o)
 .bss           0x000000000004e060        0x0 ../test_valid_bsp/\libhal_bsp.a(alt_get_fd.o)
 .bss           0x000000000004e060        0x0 ../test_valid_bsp/\libhal_bsp.a(alt_icache_flush.o)
 .bss           0x000000000004e060        0x0 ../test_valid_bsp/\libhal_bsp.a(alt_instruction_exception_entry.o)
 .bss           0x000000000004e060        0x0 d:/quartus18.1/nios2eds/bin/gnu/h-x86_64-mingw32/bin/../lib/gcc/nios2-elf/5.3.0/../../../../../H-x86_64-mingw32/nios2-elf/lib\libsmallc.a(lib_a-atexit.o)
 .bss           0x000000000004e060        0x0 d:/quartus18.1/nios2eds/bin/gnu/h-x86_64-mingw32/bin/../lib/gcc/nios2-elf/5.3.0/../../../../../H-x86_64-mingw32/nios2-elf/lib\libsmallc.a(lib_a-exit.o)
 .bss           0x000000000004e060        0x0 d:/quartus18.1/nios2eds/bin/gnu/h-x86_64-mingw32/bin/../lib/gcc/nios2-elf/5.3.0/../../../../../H-x86_64-mingw32/nios2-elf/lib\libsmallc.a(lib_a-memcmp.o)
 .bss           0x000000000004e060        0x0 d:/quartus18.1/nios2eds/bin/gnu/h-x86_64-mingw32/bin/../lib/gcc/nios2-elf/5.3.0/../../../../../H-x86_64-mingw32/nios2-elf/lib\libsmallc.a(lib_a-memcpy.o)
 .bss           0x000000000004e060        0x0 d:/quartus18.1/nios2eds/bin/gnu/h-x86_64-mingw32/bin/../lib/gcc/nios2-elf/5.3.0/../../../../../H-x86_64-mingw32/nios2-elf/lib\libsmallc.a(lib_a-__atexit.o)
 .bss           0x000000000004e060        0x0 d:/quartus18.1/nios2eds/bin/gnu/h-x86_64-mingw32/bin/../lib/gcc/nios2-elf/5.3.0/../../../../../H-x86_64-mingw32/nios2-elf/lib\libsmallc.a(lib_a-__call_atexit.o)
 .bss           0x000000000004e060        0x0 ../test_valid_bsp/\libhal_bsp.a(alt_exit.o)
 *(COMMON)
 COMMON         0x000000000004e060      0x100 ../test_valid_bsp/\libhal_bsp.a(alt_irq_handler.o)
                0x000000000004e060                alt_irq
                0x000000000004e160                . = ALIGN (0x4)
                0x000000000004e160                __bss_end = ABSOLUTE (.)

.onchip_memory2
                0x000000000004e160        0x0
                [!provide]                        PROVIDE (_alt_partition_onchip_memory2_start, ABSOLUTE (.))
 *(.onchip_memory2 .onchip_memory2. onchip_memory2.*)
                0x000000000004e160                . = ALIGN (0x4)
                [!provide]                        PROVIDE (_alt_partition_onchip_memory2_end, ABSOLUTE (.))
                0x000000000004e160                _end = ABSOLUTE (.)
                0x000000000004e160                end = ABSOLUTE (.)
                0x000000000004e160                __alt_stack_base = ABSOLUTE (.)
                [!provide]                        PROVIDE (_alt_partition_onchip_memory2_load_addr, LOADADDR (.onchip_memory2))

.stab
 *(.stab)

.stabstr
 *(.stabstr)

.stab.excl
 *(.stab.excl)

.stab.exclstr
 *(.stab.exclstr)

.stab.index
 *(.stab.index)

.stab.indexstr
 *(.stab.indexstr)

.comment        0x0000000000000000       0x23
 *(.comment)
 .comment       0x0000000000000000       0x23 obj/default/hello_world.o
                                         0x24 (size before relaxing)
 .comment       0x0000000000000023       0x24 d:/quartus18.1/nios2eds/bin/gnu/h-x86_64-mingw32/bin/../lib/gcc/nios2-elf/5.3.0/../../../../../H-x86_64-mingw32/nios2-elf/lib\libm.a(lib_a-s_ceil.o)
 .comment       0x0000000000000023       0x24 d:/quartus18.1/nios2eds/bin/gnu/h-x86_64-mingw32/bin/../lib/gcc/nios2-elf/5.3.0/../../../../../H-x86_64-mingw32/nios2-elf/lib\libm.a(lib_a-s_round.o)
 .comment       0x0000000000000023       0x24 d:/quartus18.1/nios2eds/bin/gnu/h-x86_64-mingw32/bin/../lib/gcc/nios2-elf/5.3.0/../../../../../H-x86_64-mingw32/nios2-elf/lib\libm.a(lib_a-sf_round.o)
 .comment       0x0000000000000023       0x24 d:/quartus18.1/nios2eds/bin/gnu/h-x86_64-mingw32/bin/../lib/gcc/nios2-elf/5.3.0/../../../../../H-x86_64-mingw32/nios2-elf/lib\libm.a(lib_a-w_fmod.o)
 .comment       0x0000000000000023       0x24 d:/quartus18.1/nios2eds/bin/gnu/h-x86_64-mingw32/bin/../lib/gcc/nios2-elf/5.3.0/../../../../../H-x86_64-mingw32/nios2-elf/lib\libm.a(lib_a-w_log.o)
 .comment       0x0000000000000023       0x24 d:/quartus18.1/nios2eds/bin/gnu/h-x86_64-mingw32/bin/../lib/gcc/nios2-elf/5.3.0/../../../../../H-x86_64-mingw32/nios2-elf/lib\libm.a(lib_a-e_fmod.o)
 .comment       0x0000000000000023       0x24 d:/quartus18.1/nios2eds/bin/gnu/h-x86_64-mingw32/bin/../lib/gcc/nios2-elf/5.3.0/../../../../../H-x86_64-mingw32/nios2-elf/lib\libm.a(lib_a-e_log.o)
 .comment       0x0000000000000023       0x24 d:/quartus18.1/nios2eds/bin/gnu/h-x86_64-mingw32/bin/../lib/gcc/nios2-elf/5.3.0/../../../../../H-x86_64-mingw32/nios2-elf/lib\libm.a(lib_a-s_fpclassify.o)
 .comment       0x0000000000000023       0x24 d:/quartus18.1/nios2eds/bin/gnu/h-x86_64-mingw32/bin/../lib/gcc/nios2-elf/5.3.0/../../../../../H-x86_64-mingw32/nios2-elf/lib\libm.a(lib_a-s_lib_ver.o)
 .comment       0x0000000000000023       0x24 d:/quartus18.1/nios2eds/bin/gnu/h-x86_64-mingw32/bin/../lib/gcc/nios2-elf/5.3.0/../../../../../H-x86_64-mingw32/nios2-elf/lib\libm.a(lib_a-s_matherr.o)
 .comment       0x0000000000000023       0x24 d:/quartus18.1/nios2eds/bin/gnu/h-x86_64-mingw32/bin/../lib/gcc/nios2-elf/5.3.0/../../../../../H-x86_64-mingw32/nios2-elf/lib\libm.a(lib_a-s_nan.o)
 .comment       0x0000000000000023       0x24 d:/quartus18.1/nios2eds/bin/gnu/h-x86_64-mingw32/bin/../lib/gcc/nios2-elf/5.3.0\libgcc.a(_fixunssfsi.o)
 .comment       0x0000000000000023       0x24 d:/quartus18.1/nios2eds/bin/gnu/h-x86_64-mingw32/bin/../lib/gcc/nios2-elf/5.3.0\libgcc.a(lib2-divmod.o)
 .comment       0x0000000000000023       0x24 d:/quartus18.1/nios2eds/bin/gnu/h-x86_64-mingw32/bin/../lib/gcc/nios2-elf/5.3.0\libgcc.a(addsf3.o)
 .comment       0x0000000000000023       0x24 d:/quartus18.1/nios2eds/bin/gnu/h-x86_64-mingw32/bin/../lib/gcc/nios2-elf/5.3.0\libgcc.a(divsf3.o)
 .comment       0x0000000000000023       0x24 d:/quartus18.1/nios2eds/bin/gnu/h-x86_64-mingw32/bin/../lib/gcc/nios2-elf/5.3.0\libgcc.a(gesf2.o)
 .comment       0x0000000000000023       0x24 d:/quartus18.1/nios2eds/bin/gnu/h-x86_64-mingw32/bin/../lib/gcc/nios2-elf/5.3.0\libgcc.a(lesf2.o)
 .comment       0x0000000000000023       0x24 d:/quartus18.1/nios2eds/bin/gnu/h-x86_64-mingw32/bin/../lib/gcc/nios2-elf/5.3.0\libgcc.a(mulsf3.o)
 .comment       0x0000000000000023       0x24 d:/quartus18.1/nios2eds/bin/gnu/h-x86_64-mingw32/bin/../lib/gcc/nios2-elf/5.3.0\libgcc.a(subsf3.o)
 .comment       0x0000000000000023       0x24 d:/quartus18.1/nios2eds/bin/gnu/h-x86_64-mingw32/bin/../lib/gcc/nios2-elf/5.3.0\libgcc.a(fixsfsi.o)
 .comment       0x0000000000000023       0x24 d:/quartus18.1/nios2eds/bin/gnu/h-x86_64-mingw32/bin/../lib/gcc/nios2-elf/5.3.0\libgcc.a(floatsisf.o)
 .comment       0x0000000000000023       0x24 d:/quartus18.1/nios2eds/bin/gnu/h-x86_64-mingw32/bin/../lib/gcc/nios2-elf/5.3.0\libgcc.a(adddf3.o)
 .comment       0x0000000000000023       0x24 d:/quartus18.1/nios2eds/bin/gnu/h-x86_64-mingw32/bin/../lib/gcc/nios2-elf/5.3.0\libgcc.a(divdf3.o)
 .comment       0x0000000000000023       0x24 d:/quartus18.1/nios2eds/bin/gnu/h-x86_64-mingw32/bin/../lib/gcc/nios2-elf/5.3.0\libgcc.a(eqdf2.o)
 .comment       0x0000000000000023       0x24 d:/quartus18.1/nios2eds/bin/gnu/h-x86_64-mingw32/bin/../lib/gcc/nios2-elf/5.3.0\libgcc.a(gedf2.o)
 .comment       0x0000000000000023       0x24 d:/quartus18.1/nios2eds/bin/gnu/h-x86_64-mingw32/bin/../lib/gcc/nios2-elf/5.3.0\libgcc.a(muldf3.o)
 .comment       0x0000000000000023       0x24 d:/quartus18.1/nios2eds/bin/gnu/h-x86_64-mingw32/bin/../lib/gcc/nios2-elf/5.3.0\libgcc.a(subdf3.o)
 .comment       0x0000000000000023       0x24 d:/quartus18.1/nios2eds/bin/gnu/h-x86_64-mingw32/bin/../lib/gcc/nios2-elf/5.3.0\libgcc.a(fixdfsi.o)
 .comment       0x0000000000000023       0x24 d:/quartus18.1/nios2eds/bin/gnu/h-x86_64-mingw32/bin/../lib/gcc/nios2-elf/5.3.0\libgcc.a(floatsidf.o)
 .comment       0x0000000000000023       0x24 d:/quartus18.1/nios2eds/bin/gnu/h-x86_64-mingw32/bin/../lib/gcc/nios2-elf/5.3.0\libgcc.a(extendsfdf2.o)
 .comment       0x0000000000000023       0x24 d:/quartus18.1/nios2eds/bin/gnu/h-x86_64-mingw32/bin/../lib/gcc/nios2-elf/5.3.0\libgcc.a(truncdfsf2.o)
 .comment       0x0000000000000023       0x24 d:/quartus18.1/nios2eds/bin/gnu/h-x86_64-mingw32/bin/../lib/gcc/nios2-elf/5.3.0\libgcc.a(_clzsi2.o)
 .comment       0x0000000000000023       0x24 d:/quartus18.1/nios2eds/bin/gnu/h-x86_64-mingw32/bin/../lib/gcc/nios2-elf/5.3.0\libgcc.a(_clz.o)
 .comment       0x0000000000000023       0x24 d:/quartus18.1/nios2eds/bin/gnu/h-x86_64-mingw32/bin/../lib/gcc/nios2-elf/5.3.0/../../../../../H-x86_64-mingw32/nios2-elf/lib\libsmallc.a(lib_a-errno.o)
 .comment       0x0000000000000023       0x24 d:/quartus18.1/nios2eds/bin/gnu/h-x86_64-mingw32/bin/../lib/gcc/nios2-elf/5.3.0/../../../../../H-x86_64-mingw32/nios2-elf/lib\libsmallc.a(lib_a-impure.o)
 .comment       0x0000000000000023       0x24 d:/quartus18.1/nios2eds/bin/gnu/h-x86_64-mingw32/bin/../lib/gcc/nios2-elf/5.3.0/../../../../../H-x86_64-mingw32/nios2-elf/lib\libsmallc.a(lib_a-printf.o)
 .comment       0x0000000000000023       0x24 d:/quartus18.1/nios2eds/bin/gnu/h-x86_64-mingw32/bin/../lib/gcc/nios2-elf/5.3.0/../../../../../H-x86_64-mingw32/nios2-elf/lib\libsmallc.a(lib_a-putchar.o)
 .comment       0x0000000000000023       0x24 d:/quartus18.1/nios2eds/bin/gnu/h-x86_64-mingw32/bin/../lib/gcc/nios2-elf/5.3.0/../../../../../H-x86_64-mingw32/nios2-elf/lib\libsmallc.a(lib_a-puts.o)
 .comment       0x0000000000000023       0x24 d:/quartus18.1/nios2eds/bin/gnu/h-x86_64-mingw32/bin/../lib/gcc/nios2-elf/5.3.0/../../../../../H-x86_64-mingw32/nios2-elf/lib\libsmallc.a(lib_a-strlen.o)
 .comment       0x0000000000000023       0x24 d:/quartus18.1/nios2eds/bin/gnu/h-x86_64-mingw32/bin/../lib/gcc/nios2-elf/5.3.0/../../../../../H-x86_64-mingw32/nios2-elf/lib\libsmallc.a(lib_a-vfprintf.o)
 .comment       0x0000000000000023       0x24 d:/quartus18.1/nios2eds/bin/gnu/h-x86_64-mingw32/bin/../lib/gcc/nios2-elf/5.3.0/../../../../../H-x86_64-mingw32/nios2-elf/lib\libsmallc.a(lib_a-fvwrite_small_dev.o)
 .comment       0x0000000000000023       0x24 d:/quartus18.1/nios2eds/bin/gnu/h-x86_64-mingw32/bin/../lib/gcc/nios2-elf/5.3.0/../../../../../H-x86_64-mingw32/nios2-elf/lib\libsmallc.a(lib_a-putc.o)
 .comment       0x0000000000000023       0x24 d:/quartus18.1/nios2eds/bin/gnu/h-x86_64-mingw32/bin/../lib/gcc/nios2-elf/5.3.0/../../../../../H-x86_64-mingw32/nios2-elf/lib\libsmallc.a(lib_a-writer.o)
 .comment       0x0000000000000023       0x24 d:/quartus18.1/nios2eds/bin/gnu/h-x86_64-mingw32/bin/../lib/gcc/nios2-elf/5.3.0/../../../../../H-x86_64-mingw32/nios2-elf/lib\libsmallc.a(lib_a-int_errno.o)
 .comment       0x0000000000000023       0x24 ../test_valid_bsp/\libhal_bsp.a(alt_load.o)
 .comment       0x0000000000000023       0x24 ../test_valid_bsp/\libhal_bsp.a(alt_main.o)
 .comment       0x0000000000000023       0x24 ../test_valid_bsp/\libhal_bsp.a(alt_write.o)
 .comment       0x0000000000000023       0x24 ../test_valid_bsp/\libhal_bsp.a(alt_sys_init.o)
 .comment       0x0000000000000023       0x24 ../test_valid_bsp/\libhal_bsp.a(altera_avalon_i2c.o)
 .comment       0x0000000000000023       0x24 ../test_valid_bsp/\libhal_bsp.a(altera_avalon_jtag_uart_fd.o)
 .comment       0x0000000000000023       0x24 ../test_valid_bsp/\libhal_bsp.a(altera_avalon_jtag_uart_init.o)
 .comment       0x0000000000000023       0x24 ../test_valid_bsp/\libhal_bsp.a(altera_avalon_jtag_uart_ioctl.o)
 .comment       0x0000000000000023       0x24 ../test_valid_bsp/\libhal_bsp.a(altera_avalon_jtag_uart_read.o)
 .comment       0x0000000000000023       0x24 ../test_valid_bsp/\libhal_bsp.a(altera_avalon_jtag_uart_write.o)
 .comment       0x0000000000000023       0x24 ../test_valid_bsp/\libhal_bsp.a(altera_avalon_timer_sc.o)
 .comment       0x0000000000000023       0x24 ../test_valid_bsp/\libhal_bsp.a(alt_alarm_start.o)
 .comment       0x0000000000000023       0x24 ../test_valid_bsp/\libhal_bsp.a(alt_busy_sleep.o)
 .comment       0x0000000000000023       0x24 ../test_valid_bsp/\libhal_bsp.a(alt_close.o)
 .comment       0x0000000000000023       0x24 ../test_valid_bsp/\libhal_bsp.a(alt_dcache_flush_all.o)
 .comment       0x0000000000000023       0x24 ../test_valid_bsp/\libhal_bsp.a(alt_dev.o)
 .comment       0x0000000000000023       0x24 ../test_valid_bsp/\libhal_bsp.a(alt_dev_llist_insert.o)
 .comment       0x0000000000000023       0x24 ../test_valid_bsp/\libhal_bsp.a(alt_do_ctors.o)
 .comment       0x0000000000000023       0x24 ../test_valid_bsp/\libhal_bsp.a(alt_do_dtors.o)
 .comment       0x0000000000000023       0x24 ../test_valid_bsp/\libhal_bsp.a(alt_errno.o)
 .comment       0x0000000000000023       0x24 ../test_valid_bsp/\libhal_bsp.a(alt_find_dev.o)
 .comment       0x0000000000000023       0x24 ../test_valid_bsp/\libhal_bsp.a(alt_icache_flush_all.o)
 .comment       0x0000000000000023       0x24 ../test_valid_bsp/\libhal_bsp.a(alt_iic.o)
 .comment       0x0000000000000023       0x24 ../test_valid_bsp/\libhal_bsp.a(alt_iic_isr_register.o)
 .comment       0x0000000000000023       0x24 ../test_valid_bsp/\libhal_bsp.a(alt_io_redirect.o)
 .comment       0x0000000000000023       0x24 ../test_valid_bsp/\libhal_bsp.a(alt_irq_handler.o)
 .comment       0x0000000000000023       0x24 ../test_valid_bsp/\libhal_bsp.a(alt_irq_vars.o)
 .comment       0x0000000000000023       0x24 ../test_valid_bsp/\libhal_bsp.a(alt_open.o)
 .comment       0x0000000000000023       0x24 ../test_valid_bsp/\libhal_bsp.a(alt_printf.o)
 .comment       0x0000000000000023       0x24 ../test_valid_bsp/\libhal_bsp.a(alt_putchar.o)
 .comment       0x0000000000000023       0x24 ../test_valid_bsp/\libhal_bsp.a(alt_release_fd.o)
 .comment       0x0000000000000023       0x24 ../test_valid_bsp/\libhal_bsp.a(alt_tick.o)
 .comment       0x0000000000000023       0x24 ../test_valid_bsp/\libhal_bsp.a(altera_nios2_gen2_irq.o)
 .comment       0x0000000000000023       0x24 ../test_valid_bsp/\libhal_bsp.a(alt_find_file.o)
 .comment       0x0000000000000023       0x24 ../test_valid_bsp/\libhal_bsp.a(alt_get_fd.o)
 .comment       0x0000000000000023       0x24 ../test_valid_bsp/\libhal_bsp.a(alt_icache_flush.o)
 .comment       0x0000000000000023       0x24 ../test_valid_bsp/\libhal_bsp.a(alt_instruction_exception_entry.o)
 .comment       0x0000000000000023       0x24 d:/quartus18.1/nios2eds/bin/gnu/h-x86_64-mingw32/bin/../lib/gcc/nios2-elf/5.3.0/../../../../../H-x86_64-mingw32/nios2-elf/lib\libsmallc.a(lib_a-atexit.o)
 .comment       0x0000000000000023       0x24 d:/quartus18.1/nios2eds/bin/gnu/h-x86_64-mingw32/bin/../lib/gcc/nios2-elf/5.3.0/../../../../../H-x86_64-mingw32/nios2-elf/lib\libsmallc.a(lib_a-exit.o)
 .comment       0x0000000000000023       0x24 d:/quartus18.1/nios2eds/bin/gnu/h-x86_64-mingw32/bin/../lib/gcc/nios2-elf/5.3.0/../../../../../H-x86_64-mingw32/nios2-elf/lib\libsmallc.a(lib_a-memcmp.o)
 .comment       0x0000000000000023       0x24 d:/quartus18.1/nios2eds/bin/gnu/h-x86_64-mingw32/bin/../lib/gcc/nios2-elf/5.3.0/../../../../../H-x86_64-mingw32/nios2-elf/lib\libsmallc.a(lib_a-memcpy.o)
 .comment       0x0000000000000023       0x24 d:/quartus18.1/nios2eds/bin/gnu/h-x86_64-mingw32/bin/../lib/gcc/nios2-elf/5.3.0/../../../../../H-x86_64-mingw32/nios2-elf/lib\libsmallc.a(lib_a-__atexit.o)
 .comment       0x0000000000000023       0x24 d:/quartus18.1/nios2eds/bin/gnu/h-x86_64-mingw32/bin/../lib/gcc/nios2-elf/5.3.0/../../../../../H-x86_64-mingw32/nios2-elf/lib\libsmallc.a(lib_a-__call_atexit.o)
 .comment       0x0000000000000023       0x24 ../test_valid_bsp/\libhal_bsp.a(alt_exit.o)

.debug
 *(.debug)

.line
 *(.line)

.debug_srcinfo
 *(.debug_srcinfo)

.debug_sfnames
 *(.debug_sfnames)

.debug_aranges  0x0000000000000000      0xbb8
 *(.debug_aranges)
 .debug_aranges
                0x0000000000000000       0x28 ../test_valid_bsp//obj/HAL/src/crt0.o
 .debug_aranges
                0x0000000000000028       0x20 obj/default/hello_world.o
 .debug_aranges
                0x0000000000000048       0x20 d:/quartus18.1/nios2eds/bin/gnu/h-x86_64-mingw32/bin/../lib/gcc/nios2-elf/5.3.0/../../../../../H-x86_64-mingw32/nios2-elf/lib\libm.a(lib_a-s_ceil.o)
 .debug_aranges
                0x0000000000000068       0x20 d:/quartus18.1/nios2eds/bin/gnu/h-x86_64-mingw32/bin/../lib/gcc/nios2-elf/5.3.0/../../../../../H-x86_64-mingw32/nios2-elf/lib\libm.a(lib_a-s_round.o)
 .debug_aranges
                0x0000000000000088       0x20 d:/quartus18.1/nios2eds/bin/gnu/h-x86_64-mingw32/bin/../lib/gcc/nios2-elf/5.3.0/../../../../../H-x86_64-mingw32/nios2-elf/lib\libm.a(lib_a-sf_round.o)
 .debug_aranges
                0x00000000000000a8       0x20 d:/quartus18.1/nios2eds/bin/gnu/h-x86_64-mingw32/bin/../lib/gcc/nios2-elf/5.3.0/../../../../../H-x86_64-mingw32/nios2-elf/lib\libm.a(lib_a-w_fmod.o)
 .debug_aranges
                0x00000000000000c8       0x20 d:/quartus18.1/nios2eds/bin/gnu/h-x86_64-mingw32/bin/../lib/gcc/nios2-elf/5.3.0/../../../../../H-x86_64-mingw32/nios2-elf/lib\libm.a(lib_a-w_log.o)
 .debug_aranges
                0x00000000000000e8       0x20 d:/quartus18.1/nios2eds/bin/gnu/h-x86_64-mingw32/bin/../lib/gcc/nios2-elf/5.3.0/../../../../../H-x86_64-mingw32/nios2-elf/lib\libm.a(lib_a-e_fmod.o)
 .debug_aranges
                0x0000000000000108       0x20 d:/quartus18.1/nios2eds/bin/gnu/h-x86_64-mingw32/bin/../lib/gcc/nios2-elf/5.3.0/../../../../../H-x86_64-mingw32/nios2-elf/lib\libm.a(lib_a-e_log.o)
 .debug_aranges
                0x0000000000000128       0x20 d:/quartus18.1/nios2eds/bin/gnu/h-x86_64-mingw32/bin/../lib/gcc/nios2-elf/5.3.0/../../../../../H-x86_64-mingw32/nios2-elf/lib\libm.a(lib_a-s_fpclassify.o)
 .debug_aranges
                0x0000000000000148       0x18 d:/quartus18.1/nios2eds/bin/gnu/h-x86_64-mingw32/bin/../lib/gcc/nios2-elf/5.3.0/../../../../../H-x86_64-mingw32/nios2-elf/lib\libm.a(lib_a-s_lib_ver.o)
 .debug_aranges
                0x0000000000000160       0x20 d:/quartus18.1/nios2eds/bin/gnu/h-x86_64-mingw32/bin/../lib/gcc/nios2-elf/5.3.0/../../../../../H-x86_64-mingw32/nios2-elf/lib\libm.a(lib_a-s_matherr.o)
 .debug_aranges
                0x0000000000000180       0x20 d:/quartus18.1/nios2eds/bin/gnu/h-x86_64-mingw32/bin/../lib/gcc/nios2-elf/5.3.0/../../../../../H-x86_64-mingw32/nios2-elf/lib\libm.a(lib_a-s_nan.o)
 .debug_aranges
                0x00000000000001a0       0x20 d:/quartus18.1/nios2eds/bin/gnu/h-x86_64-mingw32/bin/../lib/gcc/nios2-elf/5.3.0\libgcc.a(_fixunssfsi.o)
 .debug_aranges
                0x00000000000001c0       0x20 d:/quartus18.1/nios2eds/bin/gnu/h-x86_64-mingw32/bin/../lib/gcc/nios2-elf/5.3.0\libgcc.a(lib2-divmod.o)
 .debug_aranges
                0x00000000000001e0       0x20 d:/quartus18.1/nios2eds/bin/gnu/h-x86_64-mingw32/bin/../lib/gcc/nios2-elf/5.3.0\libgcc.a(addsf3.o)
 .debug_aranges
                0x0000000000000200       0x20 d:/quartus18.1/nios2eds/bin/gnu/h-x86_64-mingw32/bin/../lib/gcc/nios2-elf/5.3.0\libgcc.a(divsf3.o)
 .debug_aranges
                0x0000000000000220       0x20 d:/quartus18.1/nios2eds/bin/gnu/h-x86_64-mingw32/bin/../lib/gcc/nios2-elf/5.3.0\libgcc.a(gesf2.o)
 .debug_aranges
                0x0000000000000240       0x20 d:/quartus18.1/nios2eds/bin/gnu/h-x86_64-mingw32/bin/../lib/gcc/nios2-elf/5.3.0\libgcc.a(lesf2.o)
 .debug_aranges
                0x0000000000000260       0x20 d:/quartus18.1/nios2eds/bin/gnu/h-x86_64-mingw32/bin/../lib/gcc/nios2-elf/5.3.0\libgcc.a(mulsf3.o)
 .debug_aranges
                0x0000000000000280       0x20 d:/quartus18.1/nios2eds/bin/gnu/h-x86_64-mingw32/bin/../lib/gcc/nios2-elf/5.3.0\libgcc.a(subsf3.o)
 .debug_aranges
                0x00000000000002a0       0x20 d:/quartus18.1/nios2eds/bin/gnu/h-x86_64-mingw32/bin/../lib/gcc/nios2-elf/5.3.0\libgcc.a(fixsfsi.o)
 .debug_aranges
                0x00000000000002c0       0x20 d:/quartus18.1/nios2eds/bin/gnu/h-x86_64-mingw32/bin/../lib/gcc/nios2-elf/5.3.0\libgcc.a(floatsisf.o)
 .debug_aranges
                0x00000000000002e0       0x20 d:/quartus18.1/nios2eds/bin/gnu/h-x86_64-mingw32/bin/../lib/gcc/nios2-elf/5.3.0\libgcc.a(adddf3.o)
 .debug_aranges
                0x0000000000000300       0x20 d:/quartus18.1/nios2eds/bin/gnu/h-x86_64-mingw32/bin/../lib/gcc/nios2-elf/5.3.0\libgcc.a(divdf3.o)
 .debug_aranges
                0x0000000000000320       0x20 d:/quartus18.1/nios2eds/bin/gnu/h-x86_64-mingw32/bin/../lib/gcc/nios2-elf/5.3.0\libgcc.a(eqdf2.o)
 .debug_aranges
                0x0000000000000340       0x20 d:/quartus18.1/nios2eds/bin/gnu/h-x86_64-mingw32/bin/../lib/gcc/nios2-elf/5.3.0\libgcc.a(gedf2.o)
 .debug_aranges
                0x0000000000000360       0x20 d:/quartus18.1/nios2eds/bin/gnu/h-x86_64-mingw32/bin/../lib/gcc/nios2-elf/5.3.0\libgcc.a(muldf3.o)
 .debug_aranges
                0x0000000000000380       0x20 d:/quartus18.1/nios2eds/bin/gnu/h-x86_64-mingw32/bin/../lib/gcc/nios2-elf/5.3.0\libgcc.a(subdf3.o)
 .debug_aranges
                0x00000000000003a0       0x20 d:/quartus18.1/nios2eds/bin/gnu/h-x86_64-mingw32/bin/../lib/gcc/nios2-elf/5.3.0\libgcc.a(fixdfsi.o)
 .debug_aranges
                0x00000000000003c0       0x20 d:/quartus18.1/nios2eds/bin/gnu/h-x86_64-mingw32/bin/../lib/gcc/nios2-elf/5.3.0\libgcc.a(floatsidf.o)
 .debug_aranges
                0x00000000000003e0       0x20 d:/quartus18.1/nios2eds/bin/gnu/h-x86_64-mingw32/bin/../lib/gcc/nios2-elf/5.3.0\libgcc.a(extendsfdf2.o)
 .debug_aranges
                0x0000000000000400       0x20 d:/quartus18.1/nios2eds/bin/gnu/h-x86_64-mingw32/bin/../lib/gcc/nios2-elf/5.3.0\libgcc.a(truncdfsf2.o)
 .debug_aranges
                0x0000000000000420       0x20 d:/quartus18.1/nios2eds/bin/gnu/h-x86_64-mingw32/bin/../lib/gcc/nios2-elf/5.3.0\libgcc.a(_clzsi2.o)
 .debug_aranges
                0x0000000000000440       0x18 d:/quartus18.1/nios2eds/bin/gnu/h-x86_64-mingw32/bin/../lib/gcc/nios2-elf/5.3.0\libgcc.a(_clz.o)
 .debug_aranges
                0x0000000000000458       0x20 d:/quartus18.1/nios2eds/bin/gnu/h-x86_64-mingw32/bin/../lib/gcc/nios2-elf/5.3.0/../../../../../H-x86_64-mingw32/nios2-elf/lib\libsmallc.a(lib_a-errno.o)
 .debug_aranges
                0x0000000000000478       0x18 d:/quartus18.1/nios2eds/bin/gnu/h-x86_64-mingw32/bin/../lib/gcc/nios2-elf/5.3.0/../../../../../H-x86_64-mingw32/nios2-elf/lib\libsmallc.a(lib_a-impure.o)
 .debug_aranges
                0x0000000000000490       0x28 d:/quartus18.1/nios2eds/bin/gnu/h-x86_64-mingw32/bin/../lib/gcc/nios2-elf/5.3.0/../../../../../H-x86_64-mingw32/nios2-elf/lib\libsmallc.a(lib_a-printf.o)
 .debug_aranges
                0x00000000000004b8       0x28 d:/quartus18.1/nios2eds/bin/gnu/h-x86_64-mingw32/bin/../lib/gcc/nios2-elf/5.3.0/../../../../../H-x86_64-mingw32/nios2-elf/lib\libsmallc.a(lib_a-putchar.o)
 .debug_aranges
                0x00000000000004e0       0x28 d:/quartus18.1/nios2eds/bin/gnu/h-x86_64-mingw32/bin/../lib/gcc/nios2-elf/5.3.0/../../../../../H-x86_64-mingw32/nios2-elf/lib\libsmallc.a(lib_a-puts.o)
 .debug_aranges
                0x0000000000000508       0x20 d:/quartus18.1/nios2eds/bin/gnu/h-x86_64-mingw32/bin/../lib/gcc/nios2-elf/5.3.0/../../../../../H-x86_64-mingw32/nios2-elf/lib\libsmallc.a(lib_a-strlen.o)
 .debug_aranges
                0x0000000000000528       0x30 d:/quartus18.1/nios2eds/bin/gnu/h-x86_64-mingw32/bin/../lib/gcc/nios2-elf/5.3.0/../../../../../H-x86_64-mingw32/nios2-elf/lib\libsmallc.a(lib_a-vfprintf.o)
 .debug_aranges
                0x0000000000000558       0x20 d:/quartus18.1/nios2eds/bin/gnu/h-x86_64-mingw32/bin/../lib/gcc/nios2-elf/5.3.0/../../../../../H-x86_64-mingw32/nios2-elf/lib\libsmallc.a(lib_a-fvwrite_small_dev.o)
 .debug_aranges
                0x0000000000000578       0x28 d:/quartus18.1/nios2eds/bin/gnu/h-x86_64-mingw32/bin/../lib/gcc/nios2-elf/5.3.0/../../../../../H-x86_64-mingw32/nios2-elf/lib\libsmallc.a(lib_a-putc.o)
 .debug_aranges
                0x00000000000005a0       0x20 d:/quartus18.1/nios2eds/bin/gnu/h-x86_64-mingw32/bin/../lib/gcc/nios2-elf/5.3.0/../../../../../H-x86_64-mingw32/nios2-elf/lib\libsmallc.a(lib_a-writer.o)
 .debug_aranges
                0x00000000000005c0       0x18 d:/quartus18.1/nios2eds/bin/gnu/h-x86_64-mingw32/bin/../lib/gcc/nios2-elf/5.3.0/../../../../../H-x86_64-mingw32/nios2-elf/lib\libsmallc.a(lib_a-int_errno.o)
 .debug_aranges
                0x00000000000005d8       0x20 ../test_valid_bsp/\libhal_bsp.a(alt_load.o)
 .debug_aranges
                0x00000000000005f8       0x20 ../test_valid_bsp/\libhal_bsp.a(alt_main.o)
 .debug_aranges
                0x0000000000000618       0x20 ../test_valid_bsp/\libhal_bsp.a(alt_write.o)
 .debug_aranges
                0x0000000000000638       0x20 ../test_valid_bsp/\libhal_bsp.a(alt_sys_init.o)
 .debug_aranges
                0x0000000000000658       0x20 ../test_valid_bsp/\libhal_bsp.a(altera_avalon_i2c.o)
 .debug_aranges
                0x0000000000000678       0x20 ../test_valid_bsp/\libhal_bsp.a(altera_avalon_jtag_uart_fd.o)
 .debug_aranges
                0x0000000000000698       0x20 ../test_valid_bsp/\libhal_bsp.a(altera_avalon_jtag_uart_init.o)
 .debug_aranges
                0x00000000000006b8       0x20 ../test_valid_bsp/\libhal_bsp.a(altera_avalon_jtag_uart_ioctl.o)
 .debug_aranges
                0x00000000000006d8       0x20 ../test_valid_bsp/\libhal_bsp.a(altera_avalon_jtag_uart_read.o)
 .debug_aranges
                0x00000000000006f8       0x20 ../test_valid_bsp/\libhal_bsp.a(altera_avalon_jtag_uart_write.o)
 .debug_aranges
                0x0000000000000718       0x20 ../test_valid_bsp/\libhal_bsp.a(altera_avalon_timer_sc.o)
 .debug_aranges
                0x0000000000000738       0x20 ../test_valid_bsp/\libhal_bsp.a(alt_alarm_start.o)
 .debug_aranges
                0x0000000000000758       0x20 ../test_valid_bsp/\libhal_bsp.a(alt_busy_sleep.o)
 .debug_aranges
                0x0000000000000778       0x20 ../test_valid_bsp/\libhal_bsp.a(alt_close.o)
 .debug_aranges
                0x0000000000000798       0x20 ../test_valid_bsp/\libhal_bsp.a(alt_dcache_flush_all.o)
 .debug_aranges
                0x00000000000007b8       0x20 ../test_valid_bsp/\libhal_bsp.a(alt_dev.o)
 .debug_aranges
                0x00000000000007d8       0x20 ../test_valid_bsp/\libhal_bsp.a(alt_dev_llist_insert.o)
 .debug_aranges
                0x00000000000007f8       0x20 ../test_valid_bsp/\libhal_bsp.a(alt_do_ctors.o)
 .debug_aranges
                0x0000000000000818       0x20 ../test_valid_bsp/\libhal_bsp.a(alt_do_dtors.o)
 .debug_aranges